80dffe00 T _NOR_BOOT_CFG
80dffe00 T __image_copy_start
80dffe00 T _start
80e00020 t _undefined_instruction
80e00024 t _software_interrupt
80e00028 t _prefetch_abort
80e0002c t _data_abort
80e00030 t _not_used
80e00034 t _irq
80e00038 t _fiq
80e00040 T _TEXT_BASE
80e00044 T _bss_start_ofs
80e00048 T _bss_end_ofs
80e0004c T _end_ofs
80e00050 T IRQ_STACK_START
80e00054 T FIQ_STACK_START
80e00058 T IRQ_STACK_START_IN
80e0005c t reset
80e00084 T c_runtime_cpu_setup
80e00088 t cpu_init_crit
80e0008c t flush_dcache
80e000e0 t undefined_instruction
80e00140 t software_interrupt
80e001a0 t prefetch_abort
80e00200 t data_abort
80e00260 t not_used
80e002c0 t irq
80e00300 t irq_handler_check_status
80e0032c t irq_handler_exit
80e00340 t fiq
80e0038c T timer_init
80e003ac T get_ticks
80e00400 T get_timer_masked
80e0041c T get_timer
80e00430 T udelay_masked
80e004dc T __udelay
80e004e0 T clk_get_core_pll_freq
80e00518 T get_vclk
80e00540 T get_asic_freq
80e00568 t l2_frac_dma
80e00618 t l2_get_addr
80e00678 t l2_cpu
80e00894 T l2_init
80e008e4 T l2_get_status
80e00918 T l2_combuf_cpu
80e00a08 T l2_combuf_cpu_frac
80e00a28 T l2_combuf_dma
80e00c18 T l2_set_status
80e00c54 T l2_clr_status
80e00c88 t l2_clear_dma
80e00d88 T l2_combuf_wait_dma_finish
80e00ef0 T l2_alloc
80e01044 T l2_free
80e01128 T ak39_soft_reset
80e01190 T ak_soft_reset
80e01194 t default_isr
80e011a4 T ak_do_irq
80e011bc T ak_irq_install_handler
80e011f0 T ak_arch_interrupt_init
80e01220 T cleanup_before_linux
80e01240 T flush_dcache_all
80e01254 T flush_dcache_range
80e01290 T flush_cache
80e01298 T __l2_cache_disable
80e01298 W l2_cache_disable
80e0129c T _main
80e012dc t here
80e012ec t clbss_l
80e01320 T relocate_code
80e01330 t copy_loop
80e01348 t fixloop
80e01368 t fixnext
80e01370 t relocate_done
80e01384 T __arch_cpu_init
80e01384 W arch_cpu_init
80e0138c t display_banner
80e013ac t init_baudrate
80e013d8 t mark_bootstage
80e013ec T __coloured_LED_init
80e013ec W coloured_LED_init
80e013f0 T __red_led_on
80e013f0 W red_led_on
80e013f4 T __dram_init_banksize
80e013f4 W dram_init_banksize
80e01410 T __power_init_board
80e01410 W power_init_board
80e01418 T board_init_f
80e01564 T board_init_r
80e016d4 t boot_jump_linux
80e0178c T arch_lmb_reserve
80e017b0 W setup_board_tags
80e017b4 t boot_prep_linux
80e018c0 T do_bootm_linux
80e0191c T interrupt_init
80e0195c T enable_interrupts
80e0196c T disable_interrupts
80e01988 T bad_mode
80e01998 T show_regs
80e01ad4 T do_undefined_instruction
80e01af4 T do_software_interrupt
80e01b14 T do_prefetch_abort
80e01b34 T do_data_abort
80e01b54 T do_not_used
80e01b74 T do_fiq
80e01b94 T do_reset
80e01bc8 T __enable_caches
80e01bc8 W enable_caches
80e01bcc t cp_delay
80e01bfc T icache_disable
80e01c18 T dcache_disable
80e01c40 W do_go_exec
80e01c50 t do_go
80e01cbc W arch_preboot_os
80e01cbc t __arch_preboot_os
80e01cc0 t do_bootm_states.isra.16.constprop.17
80e02564 T do_bootm
80e02654 T bootm_maybe_autostart
80e026cc T do_fat_fsload
80e026e4 t do_fat_ls
80e026fc t do_fat_fsinfo
80e0278c t fdt_valid
80e02884 t is_printable_string
80e0291c t print_data
80e02aa0 T set_working_fdt_addr
80e02abc t do_fdt
80e03b00 t do_help
80e03b48 t bin_data_init
80e03b74 t k_data_save
80e03bc0 t k_data_restore
80e03c0c t load_serial_ymodem
80e03d14 t getcxmodem
80e03d34 t bin_data_char
80e03d60 t chk1.constprop.1
80e03d8c t s1_sendpacket.constprop.2
80e03ddc t do_load_serial_bin
80e045b8 T read_envbk_spec
80e04668 T do_format
80e04688 t do_mem_base
80e046c8 t do_mem_mw
80e047ac t do_mem_cmp
80e04908 t do_mem_loop
80e049f4 t do_mem_md
80e04ae0 t do_mem_cp
80e04c10 T do_mem_crc
80e04cac t mod_mem.isra.3
80e04e3c t do_mem_mm
80e04e44 t do_mem_nm
80e04e4c t do_mmcops
80e052e8 t do_mmcinfo
80e05498 t part_delall
80e054dc t memsize_parse
80e0555c t memsize_format
80e055f0 t generate_mtdparts_save.constprop.7
80e058f8 t device_delall.constprop.9
80e0595c t get_mtd_info.constprop.10
80e059d4 t part_validate
80e05d34 T device_find
80e05d80 T mtd_id_parse
80e05e9c T mtd_part_info
80e05f34 T find_dev_and_part
80e060e4 t index_partitions
80e061a0 t current_save
80e0625c t mtd_devices_init
80e06288 t device_del
80e06304 t part_sort_add
80e06420 t device_parse
80e06a08 T mtdparts_init
80e07080 t do_chpart
80e07154 t do_mtdparts
80e07740 t netboot_common
80e07a04 t do_bootp
80e07a10 T do_tftpb
80e07a50 t do_ping
80e07acc t do_env_delete
80e07b68 t do_env_save
80e07b7c t do_env
80e07be0 t env_print
80e07ca0 t do_env_print
80e07d68 t do_env_import
80e07fb0 t do_env_default
80e08058 t _do_env_set.isra.0
80e08210 t do_env_set
80e0822c T get_env_id
80e0823c T setenv
80e08294 T setenv_ulong
80e082b4 T setenv_hex
80e082e8 t do_env_export
80e08554 T envmatch
80e085c0 T getenv_f
80e08688 T getenv
80e08700 T getenv_hex
80e0873c T getenv_ulong
80e0876c t partitions_mtdparts_parse
80e08938 t partitions_mtdparts_parse_by_envimg
80e08980 t partitions_mtdparts_parse_by_sdcard.isra.4
80e08a1c t upgrade_partitions_mtdparts.isra.5
80e08a30 t upgrade_progress_bar_draw.part.0.constprop.8
80e08b40 T do_sd_upgrade
80e09138 t upgarde_file_partitions_check
80e09260 t upgrade_file_data_partition_check
80e09270 t upgrade_file_tuya_partition_check
80e09280 t upgrade_file_app_partition_check
80e09290 t upgrade_file_usr_partition_check
80e092a0 t upgrade_file_config_partition_check
80e092b0 t upgrade_file_rootfs_partition_check
80e092c0 t upgrade_file_logo_partition_check
80e092d0 t upgrade_file_uImage_partition_check
80e092e0 t upgrade_file_dtb_partition_check
80e092f0 t upgrade_file_envbkimg_partition_check
80e09300 t upgrade_file_envimg_partition_check
80e09310 t upgarde_file_uboot_partition_check
80e09320 t do_spi_flash_probe
80e094ac t show_time
80e095a0 t spi_test_next_stage
80e095e4 t do_spi_flash
80e09dcc t do_uuid_check
80e0a15c t do_version
80e0a194 T find_cmd_tbl
80e0a238 T find_cmd
80e0a260 T cmd_usage
80e0a2c0 T _do_help
80e0a440 T var_complete
80e0a4bc T cmd_auto_complete
80e0a92c T cmd_get_data_size
80e0a988 T cmd_process
80e0aa44 t console_setfile
80e0aae8 T fgetc
80e0ab0c T ftstc
80e0ab30 T getc
80e0ab54 T tstc
80e0ab78 T putc
80e0aba8 T puts
80e0abd8 T printf
80e0ac24 T vprintf
80e0ac60 T ctrlc
80e0acb8 T disable_ctrlc
80e0acd0 T had_ctrlc
80e0ace0 T clear_ctrlc
80e0acf4 T search_device
80e0ad1c T console_assign
80e0ad64 t on_console
80e0ae24 T console_init_f
80e0ae34 T stdio_print_current_devices
80e0aee4 T console_init_r
80e0afc4 T sbrk
80e0b034 T mem_malloc_init
80e0b074 T malloc_trim
80e0b140 T free
80e0b374 T malloc
80e0b980 T calloc
80e0ba54 T memalign
80e0bb60 T env_attr_walk
80e0bc70 T env_attr_lookup
80e0bdfc t clear_callback
80e0be0c t find_env_callback
80e0be74 t on_callbacks
80e0bebc t set_callback
80e0bf50 T env_callback_init
80e0bff0 W env_get_char_spec
80e0bff0 t __env_get_char_spec
80e0bffc T env_get_addr
80e0c01c T env_get_char_memory
80e0c02c T env_get_char
80e0c05c T getenv_yesno
80e0c09c T getenv_default
80e0c0cc T set_default_env
80e0c178 T set_default_vars
80e0c1b0 T env_import
80e0c380 T env_relocate
80e0c3b0 T env_complete
80e0c498 t skip_num
80e0c508 t clear_flags
80e0c518 t on_flags
80e0c560 T env_flags_parse_vartype
80e0c5b0 T env_flags_parse_varaccess
80e0c608 t set_flags
80e0c6b4 T env_flags_init
80e0c764 T env_flags_validate
80e0ca84 T saveenv
80e0cc18 T env_relocate_spec
80e0ccbc T env_init
80e0ccd8 t dummy
80e0ccdc T get_version
80e0cce4 T jumptable_init
80e0ce74 t get_cells_len
80e0cec4 T fdt_initrd
80e0d0ac T fdt_chosen
80e0d1b8 T fdt_fixup_memory_banks
80e0d410 T fdt_fixup_memory
80e0d430 T fdt_resize
80e0d540 T addr2info
80e0d58c T flash_write
80e0d6e0 T flash_perror
80e0d7c8 t fdt_error
80e0d7f4 T boot_fdt_add_mem_rsv_regions
80e0d87c T boot_relocate_fdt
80e0da08 T boot_get_fdt
80e0dcd0 W ft_verify_fdt
80e0dcd8 T image_setup_libfdt
80e0dde8 t on_loadaddr
80e0de20 T image_check_hcrc
80e0de80 T image_check_dcrc
80e0dee0 T image_multi_count
80e0defc T image_multi_getimg
80e0dfa4 T getenv_bootm_low
80e0dfd4 T getenv_bootm_size
80e0e030 T getenv_bootm_mapsize
80e0e060 T memmove_wd
80e0e06c T genimg_print_size
80e0e09c T get_table_entry_name
80e0e0c8 T genimg_get_os_name
80e0e0e0 T genimg_get_arch_name
80e0e0f8 T genimg_get_type_name
80e0e110 T genimg_get_comp_name
80e0e128 T image_print_contents
80e0e2d8 T genimg_get_format
80e0e324 T genimg_get_image
80e0e328 T genimg_has_config
80e0e330 T boot_get_ramdisk
80e0e594 T boot_ramdisk_high
80e0e6c4 T image_setup_linux
80e0e750 T lcd_get_size
80e0e794 T lcd_sync
80e0e7d4 T drv_lcd_init
80e0e8d4 T lcd_clear
80e0e958 t do_lcd_clear
80e0e968 T lcd_setmem
80e0e9ac t delete_char.part.1
80e0ea7c t cread_add_char
80e0eb64 T __show_boot_progress
80e0eb64 W show_boot_progress
80e0eb68 T readline_into_buffer
80e0f518 T readline
80e0f52c T parse_line
80e0f5b4 t builtin_run_command
80e0f8f8 T run_command
80e0f910 T run_command_list
80e0f9fc T main_loop
80e0fce8 T do_run
80e0fd60 T get_ram_size
80e0fe44 T stdio_get_list
80e0fe50 T stdio_get_by_name
80e0feac T stdio_clone
80e0fee4 T stdio_register
80e0ff20 T stdio_init
80e0ffb0 t CYGACC_COMM_IF_GETC_TIMEOUT.isra.0
80e1000c t xyzModem_flush
80e10028 t xyzModem_get_hdr
80e1025c T xyzModem_stream_open
80e10498 T xyzModem_stream_read
80e106f0 T xyzModem_stream_close
80e10744 T xyzModem_stream_terminate
80e107d8 T xyzModem_error
80e107f8 T get_dev
80e1086c T dev_print
80e10a84 T init_part
80e10aa4 T print_part
80e10b88 T get_partition_info
80e10bb0 T get_device
80e10c34 T get_device_and_partition
80e11074 t test_block_type
80e11170 t print_partition_extended
80e11430 t get_partition_info_extended.constprop.2
80e116c8 T test_part_dos
80e1175c T print_part_dos
80e11790 T get_partition_info_dos
80e1187c T gpio_set_pin_level
80e118ec T gpio_set_pin_dir
80e11940 T gpio_direction_output
80e11968 T gpio_set_pin_as_gpio
80e119fc t mmc_set_capacity
80e11aa8 W board_mmc_getwp
80e11ab0 T mmc_getwp
80e11ae4 T __board_mmc_getcd
80e11ae4 W board_mmc_getcd
80e11aec T mmc_send_cmd
80e11af4 t mmc_go_idle
80e11b1c t mmc_send_op_cond_iter
80e11b9c t mmc_send_ext_csd
80e11be8 T mmc_send_status
80e11cac t mmc_switch.isra.1
80e11d00 T mmc_set_blocklen
80e11d30 T find_mmc_device
80e11d7c t mmc_bread
80e11ed0 T mmc_complete_op_cond
80e11f5c T mmc_switch_part
80e11fa8 T mmc_getcd
80e11fdc T mmc_set_clock
80e1201c t mmc_startup
80e12ba8 T mmc_register
80e12c30 T mmc_start_init
80e12e78 T mmc_init
80e12f08 T mmc_get_dev
80e12f34 T print_mmc_devices
80e12f9c T get_mmc_num
80e12fac T mmc_initialize
80e130cc t ak_mmc_getcd
80e130d4 t ak_mmc_getwp
80e13100 t ak_mmc_setup_gpio_in
80e1314c t send_cmd.isra.3
80e131ec t ak_set_clock.isra.0.constprop.11
80e13258 t ak_mmc_init_setup
80e13448 t ak_mmc_send_cmd
80e13720 t ak_mmc_set_ios
80e137c4 T ak_sdhsmmc_init
80e13974 T sd_init_info
80e13b08 T mmc_berase
80e13ca0 T mmc_bwrite
80e13e00 T add_mtd_device
80e13e88 T get_mtd_device_nm
80e13ef4 t spi_flash_read_write
80e13f68 T spi_flash_cmd_read
80e13f88 T spi_flash_cmd
80e13fb4 T spi_flash_cmd_write
80e13fd4 T spi_flash_probe
80e14658 T spi_flash_free
80e14674 T spi_flash_cmd_wait_ready
80e1474c T show_spi_flash_reg
80e14784 T spi_flash_quad_mode_enable
80e147e0 T spi_flash_write_common
80e14880 T spi_flash_gd25q128c_cmd_write_status
80e148f8 T spi_flash_cmd_write_status
80e149d0 t spi_flash_cmd_bankaddr_write
80e14a24 T spi_flash_cmd_erase_ops
80e14c9c T spi_flash_read_common
80e14cf8 T spi_flash_cmd_read_status
80e14dd0 T spi_flash_write_extra
80e14ebc T spi_flash_cmd_write_ops_extra
80e14f88 T spi_flash_read_extra
80e15028 T spi_flash_cmd_read_ops_extra
80e15144 t gmac_read_phy_reg
80e15194 t gmac_write_phy_reg
80e151d8 t ak_gmac_phy_software_reset
80e15288 t smc_rcv
80e15308 t gmac_rmii_sharepin_cfg
80e153c0 t smc_send
80e154a8 t smc_halt
80e1550c t smc_write_hwaddr
80e15558 T get_eth_reset_gpio
80e15610 T get_eth1_reset_gpio
80e156c8 t smc_init
80e161c0 T ak39_ethernet_initialize
80e163ec t serial_init_dev
80e164b0 T akserial0_init
80e164b8 T akserial1_init
80e164c0 T akserial1_setbrg
80e164c4 T akserial0_setbrg
80e164c8 T _serial_getc
80e16544 T akserial0_getc
80e1654c T akserial1_getc
80e16554 T _serial_putc
80e165c4 T akserial0_putc
80e165cc T akserial1_putc
80e165d4 T _serial_tstc
80e16614 T akserial0_tstc
80e1661c T akserial1_tstc
80e16624 T _serial_puts
80e16664 T akserial0_puts
80e1666c T akserial1_puts
80e16674 W default_serial_console
80e16680 T ak39_serial_initialize
80e166a0 t get_current
80e166e0 W altera_jtag_serial_initialize
80e166e0 W altera_serial_initialize
80e166e0 W amirix_serial_initialize
80e166e0 W arm_dcc_initialize
80e166e0 W asc_serial_initialize
80e166e0 W atmel_serial_initialize
80e166e0 W au1x00_serial_initialize
80e166e0 W bfin_jtag_initialize
80e166e0 W bfin_serial_initialize
80e166e0 W bmw_serial_initialize
80e166e0 W clps7111_serial_initialize
80e166e0 W cogent_serial_initialize
80e166e0 W cpci750_serial_initialize
80e166e0 W evb64260_serial_initialize
80e166e0 W imx_serial_initialize
80e166e0 W iop480_serial_initialize
80e166e0 W ixp_serial_initialize
80e166e0 W jz_serial_initialize
80e166e0 W ks8695_serial_initialize
80e166e0 W leon2_serial_initialize
80e166e0 W leon3_serial_initialize
80e166e0 W lh7a40x_serial_initialize
80e166e0 W lpc32xx_serial_initialize
80e166e0 W marvell_serial_initialize
80e166e0 W max3100_serial_initialize
80e166e0 W mcf_serial_initialize
80e166e0 W ml2_serial_initialize
80e166e0 W mpc512x_serial_initialize
80e166e0 W mpc5xx_serial_initialize
80e166e0 W mpc8260_scc_serial_initialize
80e166e0 W mpc8260_smc_serial_initialize
80e166e0 W mpc85xx_serial_initialize
80e166e0 W mpc8xx_serial_initialize
80e166e0 W mxc_serial_initialize
80e166e0 W mxs_auart_initialize
80e166e0 W ns16550_serial_initialize
80e166e0 W oc_serial_initialize
80e166e0 W p3mx_serial_initialize
80e166e0 W pl01x_serial_initialize
80e166e0 W pxa_serial_initialize
80e166e0 W s3c24xx_serial_initialize
80e166e0 W s5p_serial_initialize
80e166e0 W sa1100_serial_initialize
80e166e0 W sandbox_serial_initialize
80e166e0 W sconsole_serial_initialize
80e166e0 W sh_serial_initialize
80e166e0 W uartlite_serial_initialize
80e166e0 W zynq_serial_initalize
80e166e0 t serial_null
80e166e4 T serial_register
80e166fc T serial_stdio_init
80e16788 T serial_assign
80e167d4 T serial_initialize
80e168a8 T serial_init
80e168bc T serial_setbrg
80e168d0 t on_baudrate
80e169c0 T serial_getc
80e169d4 T serial_tstc
80e169e8 T serial_putc
80e16a04 T serial_puts
80e16a20 T spi_do_alloc_slave
80e16a64 t spi_rxdword
80e16ab4 t ak_spi_start_txrx.isra.4
80e16b10 T spi_sharepin_cfg
80e16b44 T spi_setup_slave
80e16cec T spi_free_slave
80e16cf0 T spi_cs_activate
80e16d08 T spi_claim_bus
80e16d10 T spi_release_bus
80e16d14 T ak_spi_read_cpu
80e16e70 T ak_spi_write_cpu
80e16ff4 T ak_spi_write_internal
80e170e4 T ak_spi_read_internal
80e17234 T ak_spi_write
80e17300 T ak_spi_read
80e173b8 T spi_xfer
80e174a0 t rgb_panel_info_cfg
80e1771c t mipi_panel_cmd_setting
80e17954 t mpu_recover_buswidth.isra.4
80e17974 t mpu_set_16bit_buswidth.isra.7
80e179a4 t mpu_write_reg
80e179f0 t mpu_read_reg.isra.8
80e17aac T ak_get_asic_pll_clk
80e17ae0 T ak_lcd_parameter_parse_dt1
80e17f48 T ak_lcd_parameter_parse_dt2
80e18400 T ak_lcd_parameter_parse_dt3
80e185bc T lcd_ctrl_init
80e191f8 T lcd_enable
80e1943c T lcd_disable
80e19464 T wdt_enable
80e1948c T wdt_keepalive
80e194c8 t downcase
80e194f8 t disk_read
80e1955c t dirdelim
80e1958c t get_fatent
80e196e8 t mkcksum
80e19738 t get_cluster
80e198a8 t get_name
80e19954 t read_bootsectandvi
80e19a78 t slot2str
80e19b34 t get_vfatname
80e19ce4 T fat_set_blk_dev
80e19db0 T do_fat_read_at
80e1a880 T do_fat_read
80e1a8a8 T file_fat_detectfs
80e1a9f0 T file_fat_ls
80e1aa00 T file_fat_read_at
80e1aa48 T fat_read_file
80e1aa84 T fat_close
80e1aa88 t fs_probe_unsupported
80e1aaa0 t fs_ls_unsupported
80e1aaa8 t fs_read_unsupported
80e1aab0 t fs_write_unsupported
80e1aab8 t fs_close_unsupported
80e1aabc t fs_get_info
80e1aadc t fs_close
80e1ab04 T fs_set_blk_dev
80e1aba4 T fs_ls
80e1abe0 T fs_read
80e1ac64 T do_load
80e1ae44 T do_ls
80e1aeac T fdt_check_header
80e1af70 T fdt_offset_ptr
80e1affc T fdt_next_tag
80e1b120 T _fdt_check_node_offset
80e1b15c T _fdt_check_prop_offset
80e1b198 T fdt_next_node
80e1b250 T _fdt_find_string
80e1b2ac T fdt_move
80e1b308 t _nextprop
80e1b364 T fdt_string
80e1b38c T fdt_get_mem_rsv
80e1b454 T fdt_num_mem_rsv
80e1b4d8 T fdt_subnode_offset_namelen
80e1b5ac T fdt_get_name
80e1b634 T fdt_first_property_offset
80e1b654 T fdt_next_property_offset
80e1b674 T fdt_get_property_by_offset
80e1b6f0 T fdt_get_property_namelen
80e1b7a4 T fdt_get_property
80e1b7e0 T fdt_getprop_namelen
80e1b800 T fdt_getprop
80e1b83c T fdt_get_alias_namelen
80e1b884 T fdt_path_offset
80e1b970 T fdt_supernode_atdepth_offset
80e1ba28 T fdt_node_depth
80e1ba50 T fdt_stringlist_contains
80e1bacc T fdt_node_check_compatible
80e1bb0c T fdt_node_offset_by_compatible
80e1bb80 t _fdt_blocks_misordered
80e1bc4c t _fdt_splice
80e1bd00 t _fdt_splice_mem_rsv
80e1bda8 t _fdt_splice_struct
80e1be44 t _fdt_packblocks
80e1bf8c t _fdt_add_property
80e1c160 t _fdt_rw_check_header
80e1c1e8 T fdt_add_mem_rsv
80e1c2d4 T fdt_del_mem_rsv
80e1c344 T fdt_setprop
80e1c428 T fdt_delprop
80e1c48c T fdt_add_subnode_namelen
80e1c590 T fdt_add_subnode
80e1c5c0 T fdt_del_node
80e1c634 T fdt_open_into
80e1c880 T fdt_strerror
80e1c8d8 T _fdt_node_end_offset
80e1c91c T cyg_crc16
80e1c964 T crc32_no_comp
80e1ca3c T crc32
80e1ca50 T crc32_wd
80e1ca54 T print_size
80e1cb84 T print_buffer
80e1cd34 T __div64_32
80e1ce04 t get_prop_check_min_len
80e1ce40 T fdtdec_get_int
80e1ce90 T fdtdec_get_valoffset_int
80e1cee8 T fdtdec_get_is_enabled
80e1cf24 T fdtdec_next_compatible
80e1cf34 T fdtdec_next_compatible_subnode_sta
80e1cfbc T fdtdec_prepare_fdt
80e1d000 T fdtdec_check_fdt
80e1d010 T fdtdec_get_int_array
80e1d084 T fdtdec_get_bool
80e1d0a0 T fdtdec_get_config_int
80e1d0e0 T fdtdec_get_config_string
80e1d11c T hang
80e1d138 t cmpkey
80e1d14c t _hdelete.isra.1
80e1d19c t drop_var_from_set.part.2
80e1d1ec t match_string.isra.3
80e1d24c T hcreate_r
80e1d2fc T hdestroy_r
80e1d374 T hmatch_r
80e1d414 T hsearch_r
80e1d8f0 T hdelete_r
80e1d9c8 T hexport_r
80e1dcd8 T himport_r
80e1e024 T hwalk_r
80e1e07c T skip_spaces
80e1e0a4 T strim
80e1e104 t lmb_add_region
80e1e2a8 T lmb_init
80e1e2d0 T lmb_add
80e1e2d4 T lmb_free
80e1e3d8 T lmb_reserve
80e1e3e0 T lmb_overlaps_region
80e1e438 T __lmb_alloc_base
80e1e540 T lmb_alloc_base
80e1e574 T lmb_alloc
80e1e57c T __board_lmb_reserve
80e1e57c W board_lmb_reserve
80e1e580 t byteReverse
80e1e5b4 t MD5Transform
80e1efe4 t MD5Update
80e1f0c4 t MD5Final
80e1f190 T md5
80e1f1f8 T string_to_ip
80e1f26c T qsort
80e1f344 T strcmp_compar
80e1f350 T strcpy
80e1f368 T strncpy
80e1f38c T strcmp
80e1f3b8 T strncmp
80e1f3f8 T strchr
80e1f424 T strlen
80e1f444 T strnlen
80e1f470 T strdup
80e1f4b0 T strspn
80e1f4ec T strpbrk
80e1f528 T strtok
80e1f5b0 T memset
80e1f60c T memcpy
80e1f678 T memmove
80e1f6c0 T memcmp
80e1f6f0 T strstr
80e1f75c T memchr
80e1f78c T udelay
80e1f7bc T mdelay
80e1f7e0 t put_dec_trunc
80e1f8cc t put_dec
80e1fa18 t string.isra.0
80e1faac t number.isra.4
80e1fcf8 t vsnprintf_internal.isra.6
80e2030c T simple_strtoul
80e203c4 T strict_strtoul
80e2043c T simple_strtol
80e20464 T simple_strtoull
80e20540 T vsprintf
80e20544 T sprintf
80e2056c T panic
80e205b0 T simple_itoa
80e20604 T ArpInit
80e20654 T arp_raw_request
80e20718 T ArpRequest
80e207bc T ArpTimeoutCheck
80e20840 T ArpReceive
80e20a60 t BootpHandler
80e20dd8 T BootpRequest
80e20ff4 t BootpTimeout
80e2103c W cpu_eth_init
80e2103c t __def_eth_init
80e21044 t eth_current_changed
80e210a4 T eth_parse_enetaddr
80e210f8 T eth_getenv_enetaddr
80e21154 T eth_setenv_enetaddr
80e21188 T eth_getenv_enetaddr_by_index
80e211d8 T eth_get_dev_index
80e211f4 T eth_write_hwaddr
80e213bc T eth_register
80e21438 T eth_initialize
80e21600 T eth_halt
80e21630 T eth_send
80e21668 T eth_rx
80e2168c T eth_try_another
80e21710 T eth_init
80e217f0 T eth_set_current
80e21894 T eth_get_name
80e218b4 t startAgainTimeout
80e218c8 t dummy_handler
80e218cc t net_clear_handlers
80e21900 T net_auto_load
80e21938 T NetStartAgain
80e21a8c T net_set_udp_handler
80e21aac T net_get_arp_handler
80e21abc T NetSetTimeout
80e21b0c T NetCksum
80e21b40 T NetCksumOk
80e21b64 T NetReceive
80e21e3c T NetEthHdrSize
80e21e7c T NetSetEther
80e21f24 T net_update_ether
80e21fa8 T net_set_ip_header
80e22030 T net_set_udp_header
80e220d8 T NetSendUDPPacket
80e221e4 T copy_filename
80e22228 t on_bootfile
80e22254 T ip_to_string
80e222a8 T string_to_VLAN
80e22300 T getenv_VLAN
80e22310 t NetInitLoop
80e22400 T net_init
80e22478 T NetLoop
80e2279c t ping_timeout
80e227b8 T ping_start
80e228e4 T ping_receive
80e229cc t TftpSend
80e22b94 t TftpHandler
80e22f28 t TftpTimeout
80e22fb0 T TftpStart
80e232e0 t _TEXT_BASE
80e232e4 T lowlevel_init
80e23310 T board_early_init_f
80e23320 T board_init
80e23338 T dram_init
80e23358 T board_eth_init
80e23368 t spl_memsize_parse
80e233e8 T flash_init
80e234bc T write_buff
80e234fc T spl_device_parse
80e23938 T get_mtdparts_by_partition_name
80e239b4 T get_mtdparts_by_partition_flash_offset
80e23a50 T read_logo_data
80e23b10 T read_dtb_data
80e23bd0 T raise
80e23bec T __udivsi3
80e23bec t .udivsi3_skip_div0_test
80e23bec t __aeabi_uidiv
80e23c94 t __aeabi_uidivmod
80e23cb4 T __divsi3
80e23cb4 t __aeabi_idiv
80e23cbc t .divsi3_skip_div0_test
80e23d90 t __aeabi_idivmod
80e23db0 T __lshrdi3
80e23db0 t __aeabi_llsr
80e23dcc T __ashldi3
80e23dcc t __aeabi_llsl
80e23de8 t __aeabi_uldivmod
80e23e24 t __aeabi_idiv0
80e23e24 t __aeabi_ldiv0
80e23e34 T __gnu_ldivmod_helper
80e23e70 t __gnu_uldivmod_helper
80e23eac t __divdi3
80e24008 t __udivdi3
80e2428c r CSWTCH.28
80e242ac r block_drvr
80e242bc r boot_os
80e242d4 r compat_names
80e24388 r crc_table
80e24788 r env_flags_varaccess_mask
80e24798 r ext_csd_bits.7035
80e247a4 r ext_to_hostcaps.7036
80e247b0 r fdt_errtable
80e247e4 r gpio_pin_dir_reg
80e247f0 r gpio_pin_out_reg
80e247fc r spi_buses
80e24804 r spi_flash_params_table
80e25054 r stage_name
80e25064 r uimage_arch
80e2516c r uimage_comp
80e251b4 r uimage_os
80e25214 r uimage_type
80e252ec r widths.7037
80e252f8 r crc16_tab
80e2550c r CSWTCH.62
80e25522 r __FUNCTION__.6398
80e25532 r __FUNCTION__.7377
80e25549 r __func__.6428
80e25558 r __func__.6566
80e25562 r __func__.6616
80e2556a r __func__.6629
80e2557a r __func__.6646
80e25585 r __func__.6658
80e2558d r __func__.6682
80e25597 r __func__.6796
80e255a5 r __func__.6830
80e255b3 r __func__.6873
80e255c9 r __func__.6890
80e255de r __func__.6900
80e255ee r __func__.6905
80e255fb r __func__.7059
80e2560a r __func__.7124
80e25619 r __func__.7135
80e25638 r __func__.7142
80e2564b r __func__.7149
80e25665 r __func__.7162
80e2567c r __func__.7176
80e25696 r __func__.7245
80e256b0 r __func__.7260
80e256be r __func__.7346
80e256cc r __func__.7374
80e256da r __func__.7740
80e256ef r __func__.7748
80e25701 r __func__.7844
80e25712 r __func__.7852
80e25724 r __func__.7871
80e25733 r __func__.8201
80e25747 r __func__.8241
80e25755 r __func__.8487
80e2575e R _ctype
80e2585e R default_environment
80e25d41 r delims.6503
80e25d44 r digits.6507
80e25d54 r env_flags_varaccess_rep
80e25d59 r env_flags_vartype_rep
80e25d60 r erase_seq
80e25d64 r hex_asc
80e25d75 r names.6508
80e2e014 r tab_seq
80e2e01d V version_string
80e2e068 d L2_INFO_TABLE
80e2e088 d DEVICE_INFO_TABLE
80e2e110 D init_sequence
80e2e140 d bootm_help_text
80e2e4cc d cmd_bootm_sub
80e2e5c8 d tabs.7235
80e2e5e9 d root.7152
80e2e5eb d fdt_help_text
80e2ebd0 d dp_last_length
80e2ebd4 d curr_device
80e2ebd8 d mtdparts_help_text
80e2f0ab d env_help_text
80e2f29c d env_id
80e2f2a0 d cmd_env_sub
80e2f380 d av_
80e2f788 d sbrk_base
80e2f78c d trim_threshold
80e2f790 D env_htab
80e2f7a0 D load_addr
80e2f7a4 d hist_cur
80e2f7a8 D stdio_names
80e2f7b4 D ak_gpio_sharepin_as_gpio
80e2ff64 d cur_dev_num
80e2ff68 d status_reg_list
80e30208 d status_reg_list
80e302b8 D ak39_serial0_device
80e302e8 D ak39_serial1_device
80e30318 D panel_info
80e30384 d fstypes
80e303b4 d first_call.6685
80e303b8 D NetOurNativeVLAN
80e303ba D NetBcastAddr
80e303c0 D NetOurVLAN
80e303c4 d TftpTimeoutCountMax
80e303c8 D TftpRRQTimeoutCountMax
80e303cc d TftpBlkSizeOption
80e303d0 d TftpTimeoutMSecs
80e303d4 d TftpBlkSize
80e303e4 D _u_boot_list_2_cmd_2_base
80e303e4 d start.6396
80e303e4 d start.6400
80e303e4 d start.6445
80e303e4 d start.6449
80e303e4 d start.6476
80e303e4 d start.6480
80e30400 D _u_boot_list_2_cmd_2_bootm
80e3041c D _u_boot_list_2_cmd_2_bootp
80e30438 D _u_boot_list_2_cmd_2_chpart
80e30454 D _u_boot_list_2_cmd_2_cls
80e30470 D _u_boot_list_2_cmd_2_cmp
80e3048c D _u_boot_list_2_cmd_2_cp
80e304a8 D _u_boot_list_2_cmd_2_crc32
80e304c4 D _u_boot_list_2_cmd_2_env
80e304e0 D _u_boot_list_2_cmd_2_fatinfo
80e304fc D _u_boot_list_2_cmd_2_fatload
80e30518 D _u_boot_list_2_cmd_2_fatls
80e30534 D _u_boot_list_2_cmd_2_fdt
80e30550 D _u_boot_list_2_cmd_2_format
80e3056c D _u_boot_list_2_cmd_2_go
80e30588 D _u_boot_list_2_cmd_2_help
80e305a4 D _u_boot_list_2_cmd_2_loadb
80e305c0 D _u_boot_list_2_cmd_2_loadx
80e305dc D _u_boot_list_2_cmd_2_loady
80e305f8 D _u_boot_list_2_cmd_2_loop
80e30614 D _u_boot_list_2_cmd_2_md
80e30630 D _u_boot_list_2_cmd_2_mm
80e3064c D _u_boot_list_2_cmd_2_mmc
80e30668 D _u_boot_list_2_cmd_2_mmcinfo
80e30684 D _u_boot_list_2_cmd_2_mtdparts
80e306a0 D _u_boot_list_2_cmd_2_mw
80e306bc D _u_boot_list_2_cmd_2_nm
80e306d8 D _u_boot_list_2_cmd_2_ping
80e306f4 D _u_boot_list_2_cmd_2_printenv
80e30710 D _u_boot_list_2_cmd_2_question_mark
80e3072c D _u_boot_list_2_cmd_2_reset
80e30748 D _u_boot_list_2_cmd_2_run
80e30764 D _u_boot_list_2_cmd_2_saveenv
80e30780 D _u_boot_list_2_cmd_2_sd_upgrade
80e3079c D _u_boot_list_2_cmd_2_setenv
80e307b8 D _u_boot_list_2_cmd_2_sf
80e307d4 D _u_boot_list_2_cmd_2_tftpboot
80e307f0 D _u_boot_list_2_cmd_2_uuid_check
80e3080c D _u_boot_list_2_cmd_2_version
80e30828 D _u_boot_list_2_env_clbk_2_baudrate
80e30828 d end.6403
80e30828 d end.6452
80e30828 d end.6483
80e30828 d start.6539
80e30828 d start.6546
80e30830 D _u_boot_list_2_env_clbk_2_bootfile
80e30838 D _u_boot_list_2_env_clbk_2_callbacks
80e30840 D _u_boot_list_2_env_clbk_2_console
80e30848 D _u_boot_list_2_env_clbk_2_flags
80e30850 D _u_boot_list_2_env_clbk_2_loadaddr
80e30858 B __bss_base
80e30858 B __bss_start
80e30858 D __image_copy_end
80e30858 D __rel_dyn_start
80e30858 b s_L2_DMA
80e30858 d end.6542
80e30a58 b IRQ_HANDLER
80e30b58 B part_num
80e30b5c B monitor_flash_len
80e30b60 b params
80e30b64 B images
80e30c94 b data.7126
80e31094 B working_fdt
80e31098 b send_parms
80e310ac b os_data_addr_saved
80e310b0 b his_pad_char
80e310b1 b a_b
80e310cc b os_data_char
80e310d0 b os_data_state
80e310d4 b k_data_escape
80e310d8 b os_data_state_saved
80e310dc b os_data_addr
80e310e0 b send_ptr
80e310e4 b his_pad_count
80e310e8 b bin_start_address
80e310ec b his_quote
80e310f0 b os_data_init
80e310f4 b his_eol
80e310f8 b k_data_escape_saved
80e310fc b dp_last_addr
80e31100 b base_address
80e31104 b mm_last_size
80e31108 b mm_last_addr
80e3110c b dp_last_size
80e31110 b last_ids
80e31190 B current_mtd_dev
80e31194 b last_partition
80e311a4 b last_parts
80e313a4 B current_mtd_partnum
80e313a8 b mtdids
80e313b0 b devices
80e313b8 b initialized.7339
80e313bc b upgrade_type
80e313c0 b flash
80e313c4 b tmp_buf
80e315c4 b tmp_buf.6466
80e317c4 b ctrlc_was_pressed
80e317c8 b ctrlc_disabled
80e317cc b max_total_mem
80e317d0 B mem_malloc_brk
80e317d4 b max_sbrked_mem
80e317d8 b current_mallinfo
80e31800 B mem_malloc_end
80e31804 b top_pad
80e31808 B mem_malloc_start
80e3180c B env_flash
80e31810 b console_col
80e31814 b lcd_base
80e31818 b console_row
80e3181c b lcd_console_address
80e31820 b lcd_color_fg
80e31824 B lcd_line_length
80e31828 b lcd_color_bg
80e3182c B lcd_is_enabled
80e3182d b lcd_flush_dcache
80e31830 b hist_list
80e31880 b hist_lines
80e34094 b hist_max
80e34098 b hist_add_idx
80e3409c b lastcommand.7240
80e3429c b initted.7375
80e342a0 b hist_num
80e342a4 B console_buffer
80e344a8 b devs
80e344e4 B stdio_devices
80e344f0 b xyz
80e34924 b mmc_devices
80e34930 b sdhsmmc_dev
80e34d80 B g_power_on_pin
80e34d84 b sdhsmmc_dev_data
80e34db4 B mtd_table
80e34e34 b flash_QE_flag
80e34e38 B sflash_mtd
80e34ee8 B RingbufVa
80e34ef0 b l2_uartbuffer_offset
80e34ef4 b serial_devices
80e34ef8 b serial_current
80e34efc B fb_dev
80e34f00 B do_fat_read_at_block
80e36250 R __rel_dyn_end
80e36250 R _end
80e44f00 B get_dentfromdir_block
80e54f00 b cur_part_info
80e54f80 B get_contents_vfatname_block
80e64f80 b cur_dev
80e64f84 b fs_partition
80e64fd4 b fs_type
80e64fd8 b fs_dev_desc
80e64fdc B errno
80e64fe0 B ___strtok
80e64fe4 b local.6686
80e64ffc B NetArpWaitPacketIP
80e65000 B NetArpWaitTimerStart
80e65004 b NetArpWaitReplyIP
80e65008 B NetArpWaitTxPacketSize
80e6500c B NetArpWaitTry
80e65010 b NetArpTxPacket
80e65014 b NetArpPacketBuf
80e65654 B NetArpWaitPacketMAC
80e65658 B BootpTry
80e6565c B BootpID
80e65660 b first_failed.7075
80e65664 b index.7028
80e65668 B eth_current
80e6566c b env_changed_id.7081
80e65670 b act.7080
80e65674 b eth_devices
80e65678 B NetOurEther
80e65680 B NetServerIP
80e65684 b NetRestarted
80e65688 B net_state
80e6568c B NetRxPackets
80e66dfc B NetBootFileSize
80e66dfe B NetEtherNullAddr
80e66e04 B NetRxPacket
80e66e08 b udp_packet_handler
80e66e0c b NetDevExists
80e66e10 b timeStart
80e66e14 b timeHandler
80e66e18 b NetTryCount
80e66e1c b env_changed_id.6674
80e66e20 B NetOurDNSIP
80e66e24 B NetOurSubnetMask
80e66e28 B NetTxPacket
80e66e2c B NetBootFileXferSize
80e66e30 B NetOurIP
80e66e34 B NetOurHostName
80e66e54 B NetOurNISDomain
80e66e74 B NetIPID
80e66e78 B NetOurGatewayIP
80e66e7c b arp_packet_handler
80e66e80 b timeDelta
80e66e84 B NetRestartWrap
80e66e88 B NetRxPacketLen
80e66e8c B BootFile
80e66f0c B NetServerEther
80e66f12 b PktBuf
81099d52 B NetOurRootPath
81099d94 B NetPingIP
81099d98 b PingSeqNo
81099d9c b time_start
81099da0 b TftpTimeoutCount
81099da4 b TftpBlockWrap
81099da8 b TftpBlock
81099dac b TftpOurPort
81099db0 b TftpRemoteIP
81099db4 b TftpState
81099db8 b TftpRemotePort
81099dbc b default_filename
81099dc9 b tftp_filename
81099e4c b TftpBlockWrapOffset
81099e50 b TftpLastBlock
81099e54 B spl_mtdparts
81099ea4 B flash_info
810a3ed0 B __bss_end
810a3ed0 B __bss_limit
