ak_serial.c:104:12:serial_init_dev	16	static
ak_serial.c:298:1:akserial0_init	0	static
ak_serial.c:301:1:akserial1_init	0	static
ak_serial.c:301:1:akserial1_setbrg	0	static
ak_serial.c:298:1:akserial0_setbrg	0	static
ak_serial.c:81:6:_serial_setbrg	0	static
ak_serial.c:172:5:_serial_getc	8	static
ak_serial.c:298:1:akserial0_getc	0	static
ak_serial.c:301:1:akserial1_getc	0	static
ak_serial.c:234:6:_serial_putc	0	static
ak_serial.c:298:1:akserial0_putc	0	static
ak_serial.c:301:1:akserial1_putc	0	static
ak_serial.c:264:5:_serial_tstc	0	static
ak_serial.c:298:1:akserial0_tstc	0	static
ak_serial.c:301:1:akserial1_tstc	0	static
ak_serial.c:283:6:_serial_puts	16	static
ak_serial.c:298:1:akserial0_puts	0	static
ak_serial.c:301:1:akserial1_puts	0	static
ak_serial.c:305:30:default_serial_console	0	static
ak_serial.c:316:6:ak39_serial_initialize	8	static
