C51 COMPILER V9.54   INTERRUPT                                                             01/17/2026 11:48:10 PAGE 1   


C51 COMPILER V9.54, COMPILATION OF MODULE INTERRUPT
OBJECT MODULE PLACED IN .\OBJ\Interrupt.obj
COMPILER INVOKED BY: C:\Keil_v5\C51\BIN\C51.EXE ..\code\Interrupt.c LARGE OPTIMIZE(8,SPEED) BROWSE DEBUG OBJECTEXTEND PR
                    -INT(.\LST\Interrupt.lst) TABS(2) OBJECT(.\OBJ\Interrupt.obj)

line level    source

   1          #include ".\include\interrupt.h"
   2          #include ".\include\REG_MG82F6D64.H"
   3          #include "string.h"
   4          #include ".\include\msg_event.h"
   5          #include ".\include\kevin_function.h"
   6          
   7          
   8          
   9          
  10          /*==============================================================================
  11          author: Dary.
  12          date :  2020年3月13日19:16:26
  13          func :  Timer
  14          ==============================================================================*/
  15          
  16          uint16_t     timer0_cnt;
  17          
  18          void Timer0_Interrupt_Enable(uint16_t uSecTime)
  19          {
  20   1        TMOD |= 0x01;  
  21   1        timer0_cnt = 65536 - uSecTime;   
  22   1      
  23   1        TH0 = (uint8_t)(timer0_cnt >> 8);
  24   1        TL0 = (uint8_t)(timer0_cnt);
  25   1      
  26   1        ET0 = 1;  //开启定时器
  27   1        TR0 = 1;  //开启中断
  28   1      }
  29          
  30          uint16_t tick_1msec;
  31          uint16_t tick_10msec;
  32          
  33          void TIMER0_Int(void) interrupt 1 //定时器0对应中断1
  34          { 
  35   1          uint8_t sfrpi_backup;
  36   1        static uint8_t count10ms = 0;
  37   1      
  38   1          sfrpi_backup = SFRPI;
  39   1        TH0 = (uint8_t)(timer0_cnt >> 8);
  40   1        TL0 = (uint8_t)(timer0_cnt);
  41   1      
  42   1        tick_1msec = 1;
  43   1      
  44   1        if(tick_10msec==0)
  45   1        {
  46   2          if(++count10ms >= 10)
  47   2          { 
  48   3            count10ms = 0;
  49   3            tick_10msec = 1;
  50   3          }
  51   2        }
  52   1        
  53   1          SFRPI = sfrpi_backup;
  54   1      }
C51 COMPILER V9.54   INTERRUPT                                                             01/17/2026 11:48:10 PAGE 2   

  55          
  56          
  57          TIMER Timer[TIMER_TOTAL]; 
  58          
  59          void set_timer_init(void)
  60          {   
  61   1        Timer0_Interrupt_Enable(1000);//开启1ms定时器
  62   1          memset(Timer, 0, sizeof(Timer[TIMER_TOTAL]));
  63   1      }
  64          
  65          void set_timer(uint8_t id, uint16_t Interval, void (*func)(void))
  66          {
  67   1          Timer[id].wCount = Interval;
  68   1          Timer[id].func = func;
  69   1      }
  70          
  71          void kill_timer(uint8_t id)
  72          {
  73   1        Timer[id].wCount = 0;
  74   1      }
  75          
  76          
  77          uint32_t cpu_count = 1;
  78          static void system_cpu_count(void){
  79   1        if(tick_1msec){
  80   2          tick_1msec = 0;
  81   2          if(cpu_count < 4294967295){
  82   3            cpu_count++;
  83   3          }else{
  84   3            cpu_count = 1;
  85   3          }
  86   2        }
  87   1      }
  88          
  89          /***********************************************************************
  90          @Function:    定时器事件检测
  91          @Input:       (void)    
  92          @Output:      (void)
  93          @Description: 定时时间到后，将事件存入系统事件队列
  94          @Author:      kevin
  95          @Date:        2021-08-24
  96          ***********************************************************************/
  97          void sys_timer_check(void)
  98          { 
  99   1        uint8_t id;
 100   1        static uint8_t t100m = 0;
 101   1        Event event = {0};
 102   1      
 103   1        system_cpu_count();
 104   1        
 105   1        if(!tick_10msec)
 106   1          return;
 107   1        
 108   1      
 109   1        tick_10msec = 0;
 110   1        if(++t100m > 10)
 111   1        {
 112   2          t100m = 0;
 113   2          WDTCR = (0xe6 | 0x10);
 114   2        }
 115   1      
 116   1        for(id = TIMER0; id < TIMER_TOTAL; id++) 
C51 COMPILER V9.54   INTERRUPT                                                             01/17/2026 11:48:10 PAGE 3   

 117   1        {        
 118   2              if(Timer[id].wCount != 0) 
 119   2          {
 120   3                  Timer[id].wCount--;
 121   3                  if(Timer[id].wCount == 0) 
 122   3            {
 123   4              event.type = EVENT_TYPE_TIMER;
 124   4              event.arg1 = id;
 125   4              msg_event_post(&event);
 126   4                  }
 127   3              }
 128   2          } 
 129   1      }
 130          
 131          void sys_timer_process(enum SetTimerID id){
 132   1      
 133   1        Timer[id].func();
 134   1      
 135   1      }
 136          
 137          void delay_ms(uint16_t time)
 138          {
 139   1        uint16_t old_time = tick_1msec;
 140   1      
 141   1        while(tick_1msec != old_time + time);
 142   1      }
 143          
 144          
 145          
 146          
 147          
 148          
 149          
 150          
 151          


MODULE INFORMATION:   STATIC OVERLAYABLE
   CODE SIZE        =    539    ----
   CONSTANT SIZE    =      5    ----
   XDATA SIZE       =     32       9
   PDATA SIZE       =   ----    ----
   DATA SIZE        =   ----    ----
   IDATA SIZE       =   ----    ----
   BIT SIZE         =   ----    ----
END OF MODULE INFORMATION.


C51 COMPILATION COMPLETE.  0 WARNING(S),  0 ERROR(S)
