C51 COMPILER V9.54   KEVIN_FUNCTION                                                        01/15/2026 15:16:21 PAGE 1   


C51 COMPILER V9.54, COMPILATION OF MODULE KEVIN_FUNCTION
OBJECT MODULE PLACED IN .\OBJ\kevin_function.obj
COMPILER INVOKED BY: C:\Keil_v5\C51\BIN\C51.EXE ..\code\kevin_function.c LARGE OPTIMIZE(8,SPEED) BROWSE DEBUG OBJECTEXTE
                    -ND PRINT(.\LST\kevin_function.lst) TABS(2) OBJECT(.\OBJ\kevin_function.obj)

line level    source

   1          #include ".\include\kevin_function.h"
   2          #include ".\include\API_Macro_MG82F6D64.H"
   3          #include ".\include\interrupt.h"
   4          #include ".\include\drv_iap.h"
   5          #include <string.h>
   6          #include <Intrins.h>
   7          
   8          //xiang:
   9          uint8_t dip_switch_value = 0;
  10          uint8_t base_address = 0;
  11          uint8_t prev_base_address = 0;  //记录上一次的分支器地址，用于检测变化
  12          // xiang:读取拨码开关状态并反转位序
  13          void read_dip_switch(void) {
  14   1          uint8_t raw_value = 0;
  15   1          // xiang:读取8位拨码开关状态 
  16   1        raw_value |= (DIP_SW1 ? 0 : 1) << 7;
  17   1        raw_value |= (DIP_SW2 ? 0 : 1) << 6;
  18   1        raw_value |= (DIP_SW3 ? 0 : 1) << 5;
  19   1        raw_value |= (DIP_SW4 ? 0 : 1) << 4;
  20   1        raw_value |= (DIP_SW5 ? 0 : 1) << 3;
  21   1        raw_value |= (DIP_SW6 ? 0 : 1) << 2;
  22   1        raw_value |= (DIP_SW7 ? 0 : 1) << 1;
  23   1        raw_value |= (DIP_SW8 ? 0 : 1) << 0;
  24   1          
  25   1        // xiang:位反转 (MSB->LSB)
  26   1        raw_value &= 0xFE;
  27   1          dip_switch_value = reverse_bits(raw_value);  // 直接反转高8位
  28   1      }
  29          
  30          // xiang位反转函数 (0bABCDEFGH -> 0bHGFEDCBA)
  31          u8 reverse_bits(u8 value) {
  32   1          u8 result = 0;
  33   1        u8 i=0;
  34   1          for( i = 0; i < 8; i++) {
  35   2              result <<= 1;
  36   2              result |= (value & 0x01);
  37   2              value >>= 1;
  38   2          }
  39   1          return result;
  40   1      }
  41          
  42          
  43          
  44          static void close_all_call_home(void){
  45   1      
  46   1        HOME1_RING_GPIO = LOW_LEVEL;
  47   1        HOME1_CALL_GPIO = LOW_LEVEL;
  48   1        HOME2_RING_GPIO = LOW_LEVEL;
  49   1        HOME2_CALL_GPIO = LOW_LEVEL;
  50   1        HOME3_RING_GPIO = LOW_LEVEL;
  51   1        HOME3_CALL_GPIO = LOW_LEVEL;
  52   1        HOME4_RING_GPIO = LOW_LEVEL;
  53   1        HOME4_CALL_GPIO = LOW_LEVEL;
  54   1      }
C51 COMPILER V9.54   KEVIN_FUNCTION                                                        01/15/2026 15:16:21 PAGE 2   

  55          
  56          
  57          
  58          /***********************************************************************
  59          @Function:    呼叫住宅
  60          @Input:       (HOME_ID)要呼叫的用户 
  61          @Output:      (void)
  62          @Description: 
  63          @Author:      kevin
  64          @Date:        2021-08-27
  65          ***********************************************************************/
  66          void call_home(HOME_ID ch){
  67   1        switch(ch){
  68   2          case HOME_ID1:
  69   2            HOME1_RING_GPIO = HIGH_LEVEL;
  70   2            HOME1_CALL_GPIO = HIGH_LEVEL;
  71   2            break;
  72   2          case HOME_ID2:
  73   2            HOME2_RING_GPIO = HIGH_LEVEL;
  74   2            HOME2_CALL_GPIO = HIGH_LEVEL;
  75   2            break;
  76   2          case HOME_ID3:
  77   2            HOME3_RING_GPIO = HIGH_LEVEL;
  78   2            HOME3_CALL_GPIO = HIGH_LEVEL;
  79   2            break;
  80   2          case HOME_ID4:
  81   2            HOME4_RING_GPIO = HIGH_LEVEL;
  82   2            HOME4_CALL_GPIO = HIGH_LEVEL;
  83   2            break;
  84   2        }
  85   1        set_timer(TIMER1, TID_1SEC, close_all_call_home);
  86   1      }
  87          
  88          
  89          /***********************************************************************
  90          @Function:    打开音视频通道
  91          @Input:       (HOME_ID)要打开的音视频通道  
  92          @Output:      (void)
  93          @Description: 
  94          @Author:      kevin
  95          @Date:        2022-02-17
  96          ***********************************************************************/
  97          void open_audio_video_ch(HOME_ID ch){
  98   1        switch(ch){
  99   2          case HOME_ID1:
 100   2            AUDIO_VIDEO_CH1_GPIO = HIGH_LEVEL;
 101   2            break;
 102   2          case HOME_ID2:
 103   2            AUDIO_VIDEO_CH2_GPIO = HIGH_LEVEL;
 104   2            break;
 105   2          case HOME_ID3:
 106   2            AUDIO_VIDEO_CH3_GPIO = HIGH_LEVEL;
 107   2            break;
 108   2          case HOME_ID4:
 109   2            AUDIO_VIDEO_CH4_GPIO = HIGH_LEVEL;
 110   2            break;
 111   2        }
 112   1      }
 113          
 114          
 115          /***********************************************************************
 116          @Function:    关闭音视频通道
C51 COMPILER V9.54   KEVIN_FUNCTION                                                        01/15/2026 15:16:21 PAGE 3   

 117          @Input:       (HOME_ID)要关闭的音视频通道
 118          @Output:      (void)
 119          @Description: 
 120          @Author:      kevin
 121          @Date:        2022-02-17
 122          ***********************************************************************/
 123          void close_audio_video_ch(HOME_ID ch){
 124   1        switch(ch){
 125   2          case HOME_ID1:
 126   2            AUDIO_VIDEO_CH1_GPIO = LOW_LEVEL;
 127   2            break;
 128   2          case HOME_ID2:
 129   2            AUDIO_VIDEO_CH2_GPIO = LOW_LEVEL;
 130   2            break;
 131   2          case HOME_ID3:
 132   2            AUDIO_VIDEO_CH3_GPIO = LOW_LEVEL;
 133   2            break;
 134   2          case HOME_ID4:
 135   2            AUDIO_VIDEO_CH4_GPIO = LOW_LEVEL;
 136   2            break;
 137   2          case TOTAL_HOME_ID:
 138   2            AUDIO_VIDEO_CH1_GPIO = LOW_LEVEL;
 139   2            AUDIO_VIDEO_CH2_GPIO = LOW_LEVEL;
 140   2            AUDIO_VIDEO_CH3_GPIO = LOW_LEVEL;
 141   2            AUDIO_VIDEO_CH4_GPIO = LOW_LEVEL;
 142   2            break;
 143   2        }
 144   1      }
 145          
 146          
 147          
 148          
 149          
 150          /***********************************************************************************
 151          函数名称:   void InitPort(void)
 152          功能描述:   IO配置
 153          输入参数:   
 154          返回参数:     
 155          *************************************************************************************/
 156          void InitPort(void)
 157          {
 158   1      //设置为数字输入模式
 159   1        PORT_SetP0OpenDrain(BIT1);
 160   1        UNLOCK_GPIO = HIGH_LEVEL;
 161   1        PORT_SetP1OpenDrain(BIT2|BIT4|BIT5|BIT6|BIT7);
 162   1        RXD_GPIO = HIGH_LEVEL; 
 163   1        DIP_SW1 = HIGH_LEVEL;
 164   1        DIP_SW2 = HIGH_LEVEL;
 165   1        DIP_SW3 = HIGH_LEVEL;
 166   1        DIP_SW4 = HIGH_LEVEL; 
 167   1        PORT_SetP2OpenDrain(BIT0|BIT1|BIT2|BIT3|BIT5|BIT6|BIT7);
 168   1        POWER_HOME1_GPIO = HIGH_LEVEL;
 169   1        POWER_HOME2_GPIO = HIGH_LEVEL;
 170   1        POWER_HOME3_GPIO = HIGH_LEVEL;
 171   1        DIP_SW5 = HIGH_LEVEL;
 172   1        DIP_SW6 = HIGH_LEVEL;
 173   1        DIP_SW7 = HIGH_LEVEL;
 174   1        DIP_SW8 = HIGH_LEVEL;
 175   1        PORT_SetP3OpenDrain(BIT2);
 176   1        POWER_HOME4_GPIO = HIGH_LEVEL;
 177   1        //设置为强推挽模式
 178   1        //PORT_SetP1PushPull(BIT1|BIT3|BIT4|BIT5|BIT6|BIT7);
C51 COMPILER V9.54   KEVIN_FUNCTION                                                        01/15/2026 15:16:21 PAGE 4   

 179   1        PORT_SetP1PushPull(BIT1|BIT3);
 180   1        PORT_SetP3PushPull(BIT3|BIT4|BIT5|BIT6|BIT7);  
 181   1        PORT_SetP4PushPull(BIT0|BIT1|BIT2);
 182   1        
 183   1        close_all_call_home();
 184   1      //  close_audio_video_ch(TOTAL_HOME_ID);
 185   1      }
 186          
 187          
 188          
 189          static void get_user_data(USER_DATA_ADDR addr, uint8_t *home_id){
 190   1        uint8_t i;
 191   1        
 192   1        for(i = 0 ; i < 5 ;i++){
 193   2          home_id[i] = IAP_Read(((addr + i) >> 8) & 0xFF, (addr + i) & 0xFF);
 194   2        }
 195   1      
 196   1      }
 197          
 198          static void save_home_id(void){
 199   1        uint8_t i;
 200   1        
 201   1        for(i = 0 ; i < 5 ;i++){
 202   2          IAP_Program(((HOME1_ID_ADDR+i) >> 8) & 0xFF, (HOME1_ID_ADDR+i) & 0xFF, UserData.home1_id[i]);     
 203   2          IAP_Program(((HOME2_ID_ADDR+i) >> 8) & 0xFF, (HOME2_ID_ADDR+i) & 0xFF, UserData.home2_id[i]);     
 204   2          IAP_Program(((HOME3_ID_ADDR+i) >> 8) & 0xFF, (HOME3_ID_ADDR+i) & 0xFF, UserData.home3_id[i]);     
 205   2          IAP_Program(((HOME4_ID_ADDR+i) >> 8) & 0xFF, (HOME4_ID_ADDR+i) & 0xFF, UserData.home4_id[i]); 
 206   2          IAP_Program(((HOME_ID_DEFAULT_ADDR+i) >> 8) & 0xFF, (HOME_ID_DEFAULT_ADDR+i) & 0xFF, UserData.home_id_de
             -fault[i]);    
 207   2        }
 208   1      }
 209          
 210          
 211          /***********************************************************************
 212          @Function:    保存用户数据
 213          @Input:       (USER_DATA_ADDR)  addr：将要保存的id地址    
 214                  (uint8_t) *home_id：要保存的数据指针
 215          @Output:      (void)
 216          @Description: 将要保寸的数据保存到IAP区,因为flash数据任何一位只能写0，
 217                        如果需要写1，falsh需要擦除，但是ISP/IAP擦除只支持页擦除，
 218                        一页有512个字节，所以擦除后要将其他数据重新写入IAP。
 219          @Author:      kevin
 220          @Date:        2021-09-06
 221          ***********************************************************************/
 222          void save_user_data(USER_DATA_ADDR addr, uint8_t *home_id){
 223   1        uint8_t tmp;
 224   1      
 225   1        tmp = PageP_Read(IAPLB_P);
 226   1        //*1.   Set IAP Low Boundary Address
 227   1        PageP_Write(IAPLB_P, (addr >> 8));        //set IAPLB address at 0x7200
 228   1        //*2.   Set IAP Control Process
 229   1        IAP_Erase((addr >> 8), (addr & 0xFF));
 230   1      
 231   1        switch(addr){
 232   2          case HOME1_ID_ADDR:
 233   2            UserData.home1_id[0] = home_id[0];
 234   2            UserData.home1_id[1] = home_id[1];
 235   2            UserData.home1_id[2] = home_id[2];
 236   2            UserData.home1_id[3] = home_id[3];
 237   2            break;
 238   2          case HOME2_ID_ADDR:
 239   2            UserData.home2_id[0] = home_id[0];
C51 COMPILER V9.54   KEVIN_FUNCTION                                                        01/15/2026 15:16:21 PAGE 5   

 240   2            UserData.home2_id[1] = home_id[1];
 241   2            UserData.home2_id[2] = home_id[2];
 242   2            UserData.home2_id[3] = home_id[3];
 243   2            break;
 244   2          case HOME3_ID_ADDR:     
 245   2            UserData.home3_id[0] = home_id[0];
 246   2            UserData.home3_id[1] = home_id[1];
 247   2            UserData.home3_id[2] = home_id[2];
 248   2            UserData.home3_id[3] = home_id[3];
 249   2            break;
 250   2          case HOME4_ID_ADDR:
 251   2            UserData.home4_id[0] = home_id[0];
 252   2            UserData.home4_id[1] = home_id[1];
 253   2            UserData.home4_id[2] = home_id[2];
 254   2            UserData.home4_id[3] = home_id[3];
 255   2            break;
 256   2          case HOME_ID_DEFAULT_ADDR:
 257   2            UserData.home_id_default[0] = home_id[0];
 258   2            UserData.home_id_default[1] = home_id[1];
 259   2            UserData.home_id_default[2] = home_id[2];
 260   2            UserData.home_id_default[3] = home_id[3];
 261   2            break;
 262   2        }
 263   1      
 264   1        save_home_id();
 265   1          
 266   1        PageP_Write(IAPLB_P, tmp);
 267   1      }
 268          
 269          
 270          void user_data_init(void){
 271   1        
 272   1        get_user_data(HOME_ID_DEFAULT_ADDR, UserData.home_id_default);
 273   1        if(UserData.home_id_default[0] != 0 || UserData.home_id_default[1] != 0xFF ||
 274   1          UserData.home_id_default[2] != 0 || UserData.home_id_default[3] != 0xFF)
 275   1        {
 276   2            UserData.home1_id[0] = 0;
 277   2            UserData.home1_id[1] = 0xFF;
 278   2          UserData.home1_id[2] = 0;
 279   2          UserData.home1_id[3] = 0xFF;
 280   2      
 281   2          save_user_data(HOME1_ID_ADDR, UserData.home1_id);
 282   2          save_user_data(HOME2_ID_ADDR, UserData.home1_id);
 283   2          save_user_data(HOME3_ID_ADDR, UserData.home1_id);
 284   2          save_user_data(HOME4_ID_ADDR, UserData.home1_id);
 285   2      
 286   2          save_user_data(HOME_ID_DEFAULT_ADDR, UserData.home1_id);
 287   2        }
 288   1      
 289   1        get_user_data(HOME1_ID_ADDR, UserData.home1_id);
 290   1        get_user_data(HOME2_ID_ADDR, UserData.home2_id);
 291   1        get_user_data(HOME3_ID_ADDR, UserData.home3_id);
 292   1        get_user_data(HOME4_ID_ADDR, UserData.home4_id);
 293   1      
 294   1      }
 295          
 296          
 297          
 298          
 299          #define UART1_RX_BUFF_SIZE   64        //字节
 300          #define UART1_TX_BUFF_SIZE   64        //字节
 301          u8 RcvBuf[UART1_RX_BUFF_SIZE];
C51 COMPILER V9.54   KEVIN_FUNCTION                                                        01/15/2026 15:16:21 PAGE 6   

 302          u8 TxBuf[UART1_TX_BUFF_SIZE];
 303          
 304          
 305          static char get_uart_tx_buf(void){
 306   1        char tByte;
 307   1      
 308   1        tByte = TxBuf[UartClass.tx_out_index];
 309   1        UartClass.tx_out_index = (UartClass.tx_out_index + 1) % UART1_TX_BUFF_SIZE;
 310   1        return tByte;
 311   1      }
 312          
 313          static void post_uart_rx_buf(u8 tByte){
 314   1        RcvBuf[UartClass.rx_in_index] = tByte;
 315   1        UartClass.rx_in_index = (UartClass.rx_in_index + 1) % UART1_RX_BUFF_SIZE;
 316   1      }
 317          
 318          
 319          
 320          
 321          /***********************************************************************************
 322          函数名称:   void INT_UART1(void)
 323          功能描述:UART1 中断服务程序
 324               
 325          输入参数:   
 326          返回参数:     
 327          *************************************************************************************/
 328          void INT_UART1(void) interrupt INT_VECTOR_UART1
 329          {
 330   1        _push_(SFRPI);       //保护SFRPI寄存器值
 331   1        SFR_SetPage(1);      /*设置1页寄存器*/  //S1CON仅1页操作
 332   1        
 333   1        if(TI1)         //发送中断内容
 334   1        {
 335   2          TI1 = 0;     
 336   2          if(UartClass.tx_in_index == UartClass.tx_out_index){
 337   3            UartClass.tx_falg = FALSE;
 338   3            UartClass.tx_in_index = 0;
 339   3            UartClass.tx_out_index = 0;
 340   3          }else{
 341   3            S1BUF = get_uart_tx_buf();
 342   3            UartClass.tx_falg = TRUE;
 343   3          }
 344   2        }
 345   1        if(RI1)         //接收中断内容
 346   1        {
 347   2          RI1 = 0;        //清除中断标志
 348   2          post_uart_rx_buf(S1BUF);
 349   2        }
 350   1        _pop_(SFRPI);      //恢复SFRPI寄存器值
 351   1      }
 352          
 353          
 354          
 355          static void post_uart_tx_buf(u8 tByte){
 356   1      
 357   1        TxBuf[UartClass.tx_in_index] = tByte;
 358   1        UartClass.tx_in_index = (UartClass.tx_in_index + 1) % UART1_TX_BUFF_SIZE;
 359   1      }
 360          
 361          
 362          /***********************************************************************************
 363          函数名称:void Uart1SendByte(u8 tByte)
C51 COMPILER V9.54   KEVIN_FUNCTION                                                        01/15/2026 15:16:21 PAGE 7   

 364          功能描述:Uart1发送数据
 365          输入参数:u8 tByte: 待发送的数据
 366          返回参数:     
 367          *************************************************************************************/
 368          void Uart1SendByte(u8 tByte)
 369          { 
 370   1        post_uart_tx_buf(tByte);
 371   1        if(UartClass.tx_falg == FALSE){   
 372   2          SFR_SetPage(1);      /*设置1页寄存器*/  //S1CON仅1页操作
 373   2          TI1 = 1;
 374   2          SFR_SetPage(0);      /*设置1页寄存器*/  //S1CON仅1页操作
 375   2        }
 376   1      }
 377          
 378          u8 get_uart_rx_buf(u8 length, u8 *buf){
 379   1        u8 i;
 380   1        for (i = 0; i < length; i++)
 381   1        {
 382   2          if(UartClass.rx_in_index != UartClass.rx_out_index){
 383   3            buf[i] = RcvBuf[UartClass.rx_out_index];
 384   3            UartClass.rx_out_index = (UartClass.rx_out_index + 1) % UART1_RX_BUFF_SIZE;
 385   3          }else{
 386   3            return 0;
 387   3          }
 388   2        }
 389   1        return 1;
 390   1      }
 391          
 392          
 393          
 394          
 395          /***********************************************************************
 396          @Function:    CAN发送命令编码
 397          @Input:       (uint8_t)  cmd：命令       data1-4 ：要发送的数据
 398          @Output:      (void)
 399          @Description: 将要发送的命令数据转化为标准协议
 400                  起始+长度+命令+数据+校验+结束
 401          @Author:      kevin
 402          @Date:        2021-08-24
 403          ***********************************************************************/
 404          void send_can_cmd_encode(uint8_t cmd, uint8_t data1, uint8_t data2, uint8_t data3, uint8_t data4){
 405   1      
 406   1        uint8_t length = CMD_LENGTH_BASE;
 407   1        uint8_t check_code = 0;
 408   1        BOOL data1_null,data2_null,data3_null,data4_null;
 409   1        
 410   1        if(data1 != CMD_NULL){
 411   2          length++;
 412   2          data1_null = false;
 413   2        }else{
 414   2          data1 = 0x00;
 415   2          data1_null = true;
 416   2        }
 417   1        
 418   1        if(data2 != CMD_NULL || cmd == CMD_SEND_HOME_ID){
 419   2          length++;
 420   2          data2_null = false;
 421   2        }else{
 422   2          data2 = 0x00;
 423   2          data2_null = true;
 424   2        }
 425   1        
C51 COMPILER V9.54   KEVIN_FUNCTION                                                        01/15/2026 15:16:21 PAGE 8   

 426   1        if(data3 != CMD_NULL || cmd == CMD_SEND_HOME_ID){
 427   2          length++;
 428   2          data3_null = false;
 429   2        }else{
 430   2          data3 = 0x00;
 431   2          data3_null = true;
 432   2        }
 433   1        
 434   1        if(data4 != CMD_NULL){
 435   2          length++;
 436   2          data4_null = false;
 437   2        }else{
 438   2          data4 = 0x00;
 439   2          data4_null = true;
 440   2        }
 441   1      
 442   1        check_code = (length + cmd + data1 + data2 + data3 + data4) & 0xFF;
 443   1        
 444   1        Uart1SendByte(CMD_START);
 445   1        Uart1SendByte(length);
 446   1        Uart1SendByte(cmd);
 447   1        if(data1_null == false){
 448   2          Uart1SendByte(data1);
 449   2        }
 450   1        if(data2_null == false){
 451   2          Uart1SendByte(data2);
 452   2        }
 453   1        if(data3_null == false){
 454   2          Uart1SendByte(data3);
 455   2        }
 456   1        if(data4_null == false){
 457   2          Uart1SendByte(data4);
 458   2        }
 459   1        Uart1SendByte(check_code);
 460   1        Uart1SendByte(CMD_END);
 461   1        Uart1SendByte(length + 0x02); 
 462   1      }
 463          
 464          
 465          
 466          /***********************************************************************
 467          @Function:    CAN接收命令解码
 468          @Input:       (uint8_t)  cmd：命令       data1-4 ：接收到的数据
 469          @Output:      (char) return -1:接收到的命令不符合协议
 470                     return  1：接收的命令符合协议
 471          @Description: 将接收到的数据进行解码，判断符合协议后赋值给命令和数据
 472          @Author:      kevin
 473          @Date:        2021-09-04
 474          ***********************************************************************/
 475          char receive_can_cmd_decode(uint8_t *cmd, uint8_t *data1, uint8_t *data2, uint8_t *data3, uint8_t *data4){
 476   1      
 477   1        uint8_t length = 0x00;
 478   1        uint8_t check = 0x00;
 479   1        uint8_t temp_buf[10];
 480   1      
 481   1        if(get_uart_rx_buf(1, &temp_buf)){
 482   2          //判断如果读到的数据不是“命令开始”,如果不是则返回不取
 483   2          if(temp_buf[0] != CMD_START){
 484   3            return -1;
 485   3          }
 486   2        }else{
 487   2          return -1;
C51 COMPILER V9.54   KEVIN_FUNCTION                                                        01/15/2026 15:16:21 PAGE 9   

 488   2        }
 489   1        //此处延时时间不能更改，否则会接收数据异常
 490   1        DelayXms(10);
 491   1        //读取数据长度
 492   1        if(get_uart_rx_buf(1, &temp_buf) == 0){
 493   2          return -1;
 494   2        }
 495   1        length = temp_buf[0];
 496   1        //此处延时时间不能更改，否则会接收数据异常
 497   1        DelayXms(10);
 498   1        if(get_uart_rx_buf(length, &temp_buf) == 0){
 499   2          return -1;
 500   2        }
 501   1        //判断如果读到的数据最后一位不是“命令结束”，如果不是则返回不取
 502   1        if(temp_buf[length - 1] != CMD_END){
 503   2          return -1;
 504   2        }
 505   1        switch(length){
 506   2          case 0x03:
 507   2            *cmd   = temp_buf[0];
 508   2            check = (length + *cmd) & 0xFF;
 509   2            break;
 510   2          case 0x04:
 511   2            *cmd   = temp_buf[0];
 512   2            *data1 = temp_buf[1];
 513   2            check = (length + *cmd + *data1) & 0xFF;
 514   2            break;
 515   2          case 0x05:
 516   2            *cmd   = temp_buf[0];
 517   2            *data1 = temp_buf[1];
 518   2            *data2 = temp_buf[2];
 519   2            check = (length + *cmd + *data1 + *data2) & 0xFF;
 520   2            break;
 521   2          case 0x06:
 522   2            *cmd   = temp_buf[0];
 523   2            *data1 = temp_buf[1];
 524   2            *data2 = temp_buf[2];
 525   2            *data3 = temp_buf[3];
 526   2            check = (length + *cmd + *data1 + *data2 + *data3) & 0xFF;
 527   2            break;
 528   2          case 0x07:
 529   2            *cmd   = temp_buf[0];
 530   2            *data1 = temp_buf[1];
 531   2            *data2 = temp_buf[2];
 532   2            *data3 = temp_buf[3];
 533   2            *data4 = temp_buf[4];
 534   2            check = (length + *cmd + *data1 + *data2 + *data3 + *data4) & 0xFF;
 535   2            break;
 536   2        }
 537   1        //通过校验位判断数据是否发送正确，如果正确返回1，否则返回-1
 538   1        if(check != temp_buf[length - 2]){
 539   2          return -1;
 540   2        }else{
 541   2          return 1;
 542   2        }
 543   1      }
 544          
 545          
 546          
 547          UART_CLASS UartClass =
 548          {
 549            0,
C51 COMPILER V9.54   KEVIN_FUNCTION                                                        01/15/2026 15:16:21 PAGE 10  

 550            0,
 551            0,
 552            FALSE,
 553            0,
 554            0,
 555          };
 556            
 557          
 558          
 559          USER_DATA UserData = 
 560          {
 561            {0, 0xFF, 0, 0xFF},
 562            {0, 0xFF, 0, 0xFF},
 563            {0, 0xFF, 0, 0xFF},
 564            {0, 0xFF, 0, 0xFF},
 565            {0, 0xFF, 0, 0xFF}
 566          };
 567          
 568          
 569          INTERCOM_CLASS Intercom = 
 570          {
 571             0,
 572            {0},
 573            {0},
 574            {0},
 575            {0},
 576            MONITOR_IDLE,
 577            UNLOCK_IDLE,
 578          };
 579          
 580          
 581          


MODULE INFORMATION:   STATIC OVERLAYABLE
   CODE SIZE        =   2335    ----
   CONSTANT SIZE    =   ----    ----
   XDATA SIZE       =    176      53
   PDATA SIZE       =   ----    ----
   DATA SIZE        =   ----    ----
   IDATA SIZE       =   ----    ----
   BIT SIZE         =   ----    ----
END OF MODULE INFORMATION.


C51 COMPILATION COMPLETE.  0 WARNING(S),  0 ERROR(S)
