80dffe00 T _NOR_BOOT_CFG
80dffe00 T __image_copy_start
80dffe00 T _start
80e00020 t _undefined_instruction
80e00024 t _software_interrupt
80e00028 t _prefetch_abort
80e0002c t _data_abort
80e00030 t _not_used
80e00034 t _irq
80e00038 t _fiq
80e00040 T _TEXT_BASE
80e00044 T _bss_start_ofs
80e00048 T _bss_end_ofs
80e0004c T _end_ofs
80e00050 T IRQ_STACK_START
80e00054 T FIQ_STACK_START
80e00058 T IRQ_STACK_START_IN
80e0005c t reset
80e00084 T c_runtime_cpu_setup
80e00088 t cpu_init_crit
80e0008c t flush_dcache
80e000e0 t undefined_instruction
80e00140 t software_interrupt
80e001a0 t prefetch_abort
80e00200 t data_abort
80e00260 t not_used
80e002c0 t irq
80e00300 t irq_handler_check_status
80e0032c t irq_handler_exit
80e00340 t fiq
80e0038c T timer_init
80e003ac T get_ticks
80e00400 T get_timer_masked
80e0041c T get_timer
80e00430 T udelay_masked
80e004dc T __udelay
80e004e0 T clk_get_core_pll_freq
80e00518 T get_vclk
80e00540 T get_asic_freq
80e00568 t l2_frac_dma
80e00618 t l2_get_addr
80e00678 t l2_cpu
80e00894 T l2_init
80e008e4 T l2_get_status
80e00918 T l2_combuf_cpu
80e00a08 T l2_combuf_cpu_frac
80e00a28 T l2_combuf_dma
80e00c18 T l2_set_status
80e00c54 T l2_clr_status
80e00c88 t l2_clear_dma
80e00d88 T l2_combuf_wait_dma_finish
80e00ef0 T l2_alloc
80e01044 T l2_free
80e01128 T ak39_soft_reset
80e01190 T ak_soft_reset
80e01194 t default_isr
80e011a4 T ak_do_irq
80e011bc T ak_irq_install_handler
80e011f0 T ak_arch_interrupt_init
80e01220 T cleanup_before_linux
80e01240 T flush_dcache_all
80e01254 T flush_dcache_range
80e01290 T flush_cache
80e01298 T __l2_cache_disable
80e01298 W l2_cache_disable
80e0129c T _main
80e012dc t here
80e012ec t clbss_l
80e01320 T relocate_code
80e01330 t copy_loop
80e01348 t fixloop
80e01368 t fixnext
80e01370 t relocate_done
80e01384 T __arch_cpu_init
80e01384 W arch_cpu_init
80e0138c t display_banner
80e013ac t init_baudrate
80e013d8 t mark_bootstage
80e013ec T __coloured_LED_init
80e013ec W coloured_LED_init
80e013f0 T __red_led_on
80e013f0 W red_led_on
80e013f4 T __dram_init_banksize
80e013f4 W dram_init_banksize
80e01410 T __power_init_board
80e01410 W power_init_board
80e01418 T board_init_f
80e01564 T board_init_r
80e016d4 t boot_jump_linux
80e0178c T arch_lmb_reserve
80e017b0 W setup_board_tags
80e017b4 t boot_prep_linux
80e018c0 T do_bootm_linux
80e0191c T interrupt_init
80e0195c T enable_interrupts
80e0196c T disable_interrupts
80e01988 T bad_mode
80e01998 T show_regs
80e01ad4 T do_undefined_instruction
80e01af4 T do_software_interrupt
80e01b14 T do_prefetch_abort
80e01b34 T do_data_abort
80e01b54 T do_not_used
80e01b74 T do_fiq
80e01b94 T do_reset
80e01bc8 T __enable_caches
80e01bc8 W enable_caches
80e01bcc t cp_delay
80e01bfc T icache_disable
80e01c18 T dcache_disable
80e01c40 W do_go_exec
80e01c50 t do_go
80e01cbc W arch_preboot_os
80e01cbc t __arch_preboot_os
80e01cc0 t do_bootm_states.isra.16.constprop.17
80e02564 T do_bootm
80e02654 T bootm_maybe_autostart
80e026cc T do_fat_fsload
80e026e4 t do_fat_ls
80e026fc t do_fat_fsinfo
80e0278c t fdt_valid
80e02884 t is_printable_string
80e0291c t print_data
80e02aa0 T set_working_fdt_addr
80e02abc t do_fdt
80e03b00 t do_help
80e03b48 t bin_data_init
80e03b74 t k_data_save
80e03bc0 t k_data_restore
80e03c0c t load_serial_ymodem
80e03d14 t getcxmodem
80e03d34 t bin_data_char
80e03d60 t chk1.constprop.1
80e03d8c t s1_sendpacket.constprop.2
80e03ddc t do_load_serial_bin
80e045b8 T read_envbk_spec
80e04668 T do_format
80e04688 t do_mem_base
80e046c8 t do_mem_mw
80e047ac t do_mem_cmp
80e04908 t do_mem_loop
80e049f4 t do_mem_md
80e04ae0 t do_mem_cp
80e04c10 T do_mem_crc
80e04cac t mod_mem.isra.3
80e04e3c t do_mem_mm
80e04e44 t do_mem_nm
80e04e4c t do_mmcops
80e052e8 t do_mmcinfo
80e05498 t part_delall
80e054dc t memsize_parse
80e0555c t memsize_format
80e055f0 t generate_mtdparts_save.constprop.7
80e058f8 t device_delall.constprop.9
80e0595c t get_mtd_info.constprop.10
80e059d4 t part_validate
80e05d34 T device_find
80e05d80 T mtd_id_parse
80e05e9c T mtd_part_info
80e05f34 T find_dev_and_part
80e060e4 t index_partitions
80e061a0 t current_save
80e0625c t mtd_devices_init
80e06288 t device_del
80e06304 t part_sort_add
80e06420 t device_parse
80e06a08 T mtdparts_init
80e07080 t do_chpart
80e07154 t do_mtdparts
80e07740 t netboot_common
80e07a04 t do_bootp
80e07a10 T do_tftpb
80e07a50 t do_ping
80e07acc t do_env_delete
80e07b68 t do_env_save
80e07b7c t do_env
80e07be0 t env_print
80e07ca0 t do_env_print
80e07d68 t do_env_import
80e07fb0 t do_env_default
80e08058 t _do_env_set.isra.0
80e08210 t do_env_set
80e0822c T get_env_id
80e0823c T setenv
80e08294 T setenv_ulong
80e082b4 T setenv_hex
80e082e8 t do_env_export
80e08554 T envmatch
80e085c0 T getenv_f
80e08688 T getenv
80e08700 T getenv_hex
80e0873c T getenv_ulong
80e0876c t partitions_mtdparts_parse
80e0893c t partitions_mtdparts_parse_by_envimg
80e08984 t partitions_mtdparts_parse_by_sdcard.isra.4
80e08a20 t upgrade_partitions_mtdparts.isra.5
80e08a34 t upgrade_progress_bar_draw.part.0.constprop.8
80e08b30 T do_sd_upgrade
80e09184 t upgarde_file_partitions_check
80e092ac t upgrade_file_app_partition_check
80e092bc t upgrade_file_config_partition_check
80e092cc t upgrade_file_rootfs_partition_check
80e092dc t upgrade_file_logo_partition_check
80e092ec t upgrade_file_uImage_partition_check
80e092fc t upgrade_file_dtb_partition_check
80e0930c t upgrade_file_envbkimg_partition_check
80e0931c t upgrade_file_envimg_partition_check
80e0932c t upgarde_file_uboot_partition_check
80e0933c t do_spi_flash_probe
80e094c8 t show_time
80e095bc t spi_test_next_stage
80e09600 t do_spi_flash
80e09de8 t do_uuid_check
80e0a16c t do_version
80e0a1a4 T find_cmd_tbl
80e0a248 T find_cmd
80e0a270 T cmd_usage
80e0a2d0 T _do_help
80e0a450 T var_complete
80e0a4cc T cmd_auto_complete
80e0a93c T cmd_get_data_size
80e0a998 T cmd_process
80e0aa54 t console_setfile
80e0aaf8 T fgetc
80e0ab1c T ftstc
80e0ab40 T getc
80e0ab64 T tstc
80e0ab88 T putc
80e0abb8 T puts
80e0abe8 T printf
80e0ac34 T vprintf
80e0ac70 T ctrlc
80e0acc8 T disable_ctrlc
80e0ace0 T had_ctrlc
80e0acf0 T clear_ctrlc
80e0ad04 T search_device
80e0ad2c T console_assign
80e0ad74 t on_console
80e0ae34 T console_init_f
80e0ae44 T stdio_print_current_devices
80e0aef4 T console_init_r
80e0afd4 T sbrk
80e0b044 T mem_malloc_init
80e0b084 T malloc_trim
80e0b150 T free
80e0b384 T malloc
80e0b990 T calloc
80e0ba64 T memalign
80e0bb70 T env_attr_walk
80e0bc80 T env_attr_lookup
80e0be0c t clear_callback
80e0be1c t find_env_callback
80e0be84 t on_callbacks
80e0becc t set_callback
80e0bf60 T env_callback_init
80e0c000 W env_get_char_spec
80e0c000 t __env_get_char_spec
80e0c00c T env_get_addr
80e0c02c T env_get_char_memory
80e0c03c T env_get_char
80e0c06c T getenv_yesno
80e0c0ac T getenv_default
80e0c0dc T set_default_env
80e0c188 T set_default_vars
80e0c1c0 T env_import
80e0c390 T env_relocate
80e0c3c0 T env_complete
80e0c4a8 t skip_num
80e0c518 t clear_flags
80e0c528 t on_flags
80e0c570 T env_flags_parse_vartype
80e0c5c0 T env_flags_parse_varaccess
80e0c618 t set_flags
80e0c6c4 T env_flags_init
80e0c774 T env_flags_validate
80e0ca94 T saveenv
80e0cc24 T env_relocate_spec
80e0ccc8 T env_init
80e0cce4 t dummy
80e0cce8 T get_version
80e0ccf0 T jumptable_init
80e0ce80 t get_cells_len
80e0ced0 T fdt_initrd
80e0d0b8 T fdt_chosen
80e0d1c4 T fdt_fixup_memory_banks
80e0d41c T fdt_fixup_memory
80e0d43c T fdt_resize
80e0d54c T addr2info
80e0d598 T flash_write
80e0d6ec T flash_perror
80e0d7d4 t fdt_error
80e0d800 T boot_fdt_add_mem_rsv_regions
80e0d888 T boot_relocate_fdt
80e0da14 T boot_get_fdt
80e0dcdc W ft_verify_fdt
80e0dce4 T image_setup_libfdt
80e0ddf4 t on_loadaddr
80e0de2c T image_check_hcrc
80e0de8c T image_check_dcrc
80e0deec T image_multi_count
80e0df08 T image_multi_getimg
80e0dfb0 T getenv_bootm_low
80e0dfe0 T getenv_bootm_size
80e0e03c T getenv_bootm_mapsize
80e0e06c T memmove_wd
80e0e078 T genimg_print_size
80e0e0a8 T get_table_entry_name
80e0e0d4 T genimg_get_os_name
80e0e0ec T genimg_get_arch_name
80e0e104 T genimg_get_type_name
80e0e11c T genimg_get_comp_name
80e0e134 T image_print_contents
80e0e2e4 T genimg_get_format
80e0e330 T genimg_get_image
80e0e334 T genimg_has_config
80e0e33c T boot_get_ramdisk
80e0e5a0 T boot_ramdisk_high
80e0e6d0 T image_setup_linux
80e0e75c T lcd_get_size
80e0e7a0 T lcd_sync
80e0e7e0 T drv_lcd_init
80e0e8e0 T lcd_clear
80e0e964 t do_lcd_clear
80e0e974 T lcd_setmem
80e0e9b8 t delete_char.part.1
80e0ea88 t cread_add_char
80e0eb70 T __show_boot_progress
80e0eb70 W show_boot_progress
80e0eb74 T readline_into_buffer
80e0f524 T readline
80e0f538 T parse_line
80e0f5c0 t builtin_run_command
80e0f904 T run_command
80e0f91c T run_command_list
80e0fa08 T main_loop
80e0fce4 T do_run
80e0fd5c T get_ram_size
80e0fe40 T stdio_get_list
80e0fe4c T stdio_get_by_name
80e0fea8 T stdio_clone
80e0fee0 T stdio_register
80e0ff1c T stdio_init
80e0ffac t CYGACC_COMM_IF_GETC_TIMEOUT.isra.0
80e10008 t xyzModem_flush
80e10024 t xyzModem_get_hdr
80e10258 T xyzModem_stream_open
80e10494 T xyzModem_stream_read
80e106ec T xyzModem_stream_close
80e10740 T xyzModem_stream_terminate
80e107d4 T xyzModem_error
80e107f4 T get_dev
80e10868 T dev_print
80e10a80 T init_part
80e10aa0 T print_part
80e10b84 T get_partition_info
80e10bac T get_device
80e10c30 T get_device_and_partition
80e11070 t test_block_type
80e1116c t print_partition_extended
80e1142c t get_partition_info_extended.constprop.2
80e116c4 T test_part_dos
80e11758 T print_part_dos
80e1178c T get_partition_info_dos
80e11878 T gpio_set_pin_level
80e118e8 T gpio_set_pin_dir
80e1193c T gpio_direction_output
80e11964 T gpio_set_pin_as_gpio
80e119f8 t mmc_set_capacity
80e11aa4 W board_mmc_getwp
80e11aac T mmc_getwp
80e11ae0 T __board_mmc_getcd
80e11ae0 W board_mmc_getcd
80e11ae8 T mmc_send_cmd
80e11af0 t mmc_go_idle
80e11b18 t mmc_send_op_cond_iter
80e11b98 t mmc_send_ext_csd
80e11be4 T mmc_send_status
80e11ca8 t mmc_switch.isra.1
80e11cfc T mmc_set_blocklen
80e11d2c T find_mmc_device
80e11d78 t mmc_bread
80e11ecc T mmc_complete_op_cond
80e11f58 T mmc_switch_part
80e11fa4 T mmc_getcd
80e11fd8 T mmc_set_clock
80e12018 t mmc_startup
80e12ba4 T mmc_register
80e12c2c T mmc_start_init
80e12e74 T mmc_init
80e12f04 T mmc_get_dev
80e12f30 T print_mmc_devices
80e12f98 T get_mmc_num
80e12fa8 T mmc_initialize
80e130c8 t ak_mmc_getcd
80e130d0 t ak_mmc_getwp
80e130fc t ak_mmc_setup_gpio_in
80e13148 t send_cmd.isra.3
80e131e8 t ak_set_clock.isra.0.constprop.11
80e13254 t ak_mmc_init_setup
80e13444 t ak_mmc_send_cmd
80e1371c t ak_mmc_set_ios
80e137c0 T ak_sdhsmmc_init
80e13970 T sd_init_info
80e13b04 T mmc_berase
80e13c9c T mmc_bwrite
80e13dfc T add_mtd_device
80e13e84 T get_mtd_device_nm
80e13ef0 t spi_flash_read_write
80e13f64 T spi_flash_cmd_read
80e13f84 T spi_flash_cmd
80e13fb0 T spi_flash_cmd_write
80e13fd0 T spi_flash_probe
80e14654 T spi_flash_free
80e14670 T spi_flash_cmd_wait_ready
80e14748 T show_spi_flash_reg
80e14780 T spi_flash_quad_mode_enable
80e147dc T spi_flash_write_common
80e1487c T spi_flash_gd25q128c_cmd_write_status
80e148f4 T spi_flash_cmd_write_status
80e149cc t spi_flash_cmd_bankaddr_write
80e14a20 T spi_flash_cmd_erase_ops
80e14c98 T spi_flash_read_common
80e14cf4 T spi_flash_cmd_read_status
80e14dcc T spi_flash_write_extra
80e14eb8 T spi_flash_cmd_write_ops_extra
80e14f84 T spi_flash_read_extra
80e15024 T spi_flash_cmd_read_ops_extra
80e15140 t gmac_read_phy_reg
80e15190 t gmac_write_phy_reg
80e151d4 t ak_gmac_phy_software_reset
80e15284 t smc_rcv
80e15304 t gmac_rmii_sharepin_cfg
80e153bc t smc_send
80e154a4 t smc_halt
80e15508 t smc_write_hwaddr
80e15554 T get_eth_reset_gpio
80e1560c T get_eth1_reset_gpio
80e156c4 t smc_init
80e161bc T ak39_ethernet_initialize
80e163e8 t serial_init_dev
80e164ac T akserial0_init
80e164b4 T akserial1_init
80e164bc T akserial1_setbrg
80e164c0 T akserial0_setbrg
80e164c4 T _serial_getc
80e16540 T akserial0_getc
80e16548 T akserial1_getc
80e16550 T _serial_putc
80e165c0 T akserial0_putc
80e165c8 T akserial1_putc
80e165d0 T _serial_tstc
80e16610 T akserial0_tstc
80e16618 T akserial1_tstc
80e16620 T _serial_puts
80e16660 T akserial0_puts
80e16668 T akserial1_puts
80e16670 W default_serial_console
80e1667c T ak39_serial_initialize
80e1669c t get_current
80e166dc W altera_jtag_serial_initialize
80e166dc W altera_serial_initialize
80e166dc W amirix_serial_initialize
80e166dc W arm_dcc_initialize
80e166dc W asc_serial_initialize
80e166dc W atmel_serial_initialize
80e166dc W au1x00_serial_initialize
80e166dc W bfin_jtag_initialize
80e166dc W bfin_serial_initialize
80e166dc W bmw_serial_initialize
80e166dc W clps7111_serial_initialize
80e166dc W cogent_serial_initialize
80e166dc W cpci750_serial_initialize
80e166dc W evb64260_serial_initialize
80e166dc W imx_serial_initialize
80e166dc W iop480_serial_initialize
80e166dc W ixp_serial_initialize
80e166dc W jz_serial_initialize
80e166dc W ks8695_serial_initialize
80e166dc W leon2_serial_initialize
80e166dc W leon3_serial_initialize
80e166dc W lh7a40x_serial_initialize
80e166dc W lpc32xx_serial_initialize
80e166dc W marvell_serial_initialize
80e166dc W max3100_serial_initialize
80e166dc W mcf_serial_initialize
80e166dc W ml2_serial_initialize
80e166dc W mpc512x_serial_initialize
80e166dc W mpc5xx_serial_initialize
80e166dc W mpc8260_scc_serial_initialize
80e166dc W mpc8260_smc_serial_initialize
80e166dc W mpc85xx_serial_initialize
80e166dc W mpc8xx_serial_initialize
80e166dc W mxc_serial_initialize
80e166dc W mxs_auart_initialize
80e166dc W ns16550_serial_initialize
80e166dc W oc_serial_initialize
80e166dc W p3mx_serial_initialize
80e166dc W pl01x_serial_initialize
80e166dc W pxa_serial_initialize
80e166dc W s3c24xx_serial_initialize
80e166dc W s5p_serial_initialize
80e166dc W sa1100_serial_initialize
80e166dc W sandbox_serial_initialize
80e166dc W sconsole_serial_initialize
80e166dc W sh_serial_initialize
80e166dc W uartlite_serial_initialize
80e166dc W zynq_serial_initalize
80e166dc t serial_null
80e166e0 T serial_register
80e166f8 T serial_stdio_init
80e16784 T serial_assign
80e167d0 T serial_initialize
80e168a4 T serial_init
80e168b8 T serial_setbrg
80e168cc t on_baudrate
80e169bc T serial_getc
80e169d0 T serial_tstc
80e169e4 T serial_putc
80e16a00 T serial_puts
80e16a1c T spi_do_alloc_slave
80e16a60 t spi_rxdword
80e16ab0 t ak_spi_start_txrx.isra.4
80e16b0c T spi_sharepin_cfg
80e16b40 T spi_setup_slave
80e16ce8 T spi_free_slave
80e16cec T spi_cs_activate
80e16d04 T spi_claim_bus
80e16d0c T spi_release_bus
80e16d10 T ak_spi_read_cpu
80e16e6c T ak_spi_write_cpu
80e16ff0 T ak_spi_write_internal
80e170e0 T ak_spi_read_internal
80e17230 T ak_spi_write
80e172fc T ak_spi_read
80e173b4 T spi_xfer
80e1749c t rgb_panel_info_cfg
80e17718 t mipi_panel_cmd_setting
80e17950 t mpu_recover_buswidth.isra.4
80e17970 t mpu_set_16bit_buswidth.isra.7
80e179a0 t mpu_write_reg
80e179ec t mpu_read_reg.isra.8
80e17aa8 T ak_get_asic_pll_clk
80e17adc T ak_lcd_parameter_parse_dt1
80e17f44 T ak_lcd_parameter_parse_dt2
80e183fc T ak_lcd_parameter_parse_dt3
80e185b8 T lcd_ctrl_init
80e191f4 T lcd_enable
80e19438 T lcd_disable
80e19460 T wdt_enable
80e19488 T wdt_keepalive
80e194c4 t downcase
80e194f4 t disk_read
80e19558 t dirdelim
80e19588 t get_fatent
80e196e4 t mkcksum
80e19734 t get_cluster
80e198a4 t get_name
80e19950 t read_bootsectandvi
80e19a74 t slot2str
80e19b30 t get_vfatname
80e19ce0 T fat_set_blk_dev
80e19dac T do_fat_read_at
80e1a87c T do_fat_read
80e1a8a4 T file_fat_detectfs
80e1a9ec T file_fat_ls
80e1a9fc T file_fat_read_at
80e1aa44 T fat_read_file
80e1aa80 T fat_close
80e1aa84 t fs_probe_unsupported
80e1aa9c t fs_ls_unsupported
80e1aaa4 t fs_read_unsupported
80e1aaac t fs_write_unsupported
80e1aab4 t fs_close_unsupported
80e1aab8 t fs_get_info
80e1aad8 t fs_close
80e1ab00 T fs_set_blk_dev
80e1aba0 T fs_ls
80e1abdc T fs_read
80e1ac60 T do_load
80e1ae40 T do_ls
80e1aea8 T fdt_check_header
80e1af6c T fdt_offset_ptr
80e1aff8 T fdt_next_tag
80e1b11c T _fdt_check_node_offset
80e1b158 T _fdt_check_prop_offset
80e1b194 T fdt_next_node
80e1b24c T _fdt_find_string
80e1b2a8 T fdt_move
80e1b304 t _nextprop
80e1b360 T fdt_string
80e1b388 T fdt_get_mem_rsv
80e1b450 T fdt_num_mem_rsv
80e1b4d4 T fdt_subnode_offset_namelen
80e1b5a8 T fdt_get_name
80e1b630 T fdt_first_property_offset
80e1b650 T fdt_next_property_offset
80e1b670 T fdt_get_property_by_offset
80e1b6ec T fdt_get_property_namelen
80e1b7a0 T fdt_get_property
80e1b7dc T fdt_getprop_namelen
80e1b7fc T fdt_getprop
80e1b838 T fdt_get_alias_namelen
80e1b880 T fdt_path_offset
80e1b96c T fdt_supernode_atdepth_offset
80e1ba24 T fdt_node_depth
80e1ba4c T fdt_stringlist_contains
80e1bac8 T fdt_node_check_compatible
80e1bb08 T fdt_node_offset_by_compatible
80e1bb7c t _fdt_blocks_misordered
80e1bc48 t _fdt_splice
80e1bcfc t _fdt_splice_mem_rsv
80e1bda4 t _fdt_splice_struct
80e1be40 t _fdt_packblocks
80e1bf88 t _fdt_add_property
80e1c15c t _fdt_rw_check_header
80e1c1e4 T fdt_add_mem_rsv
80e1c2d0 T fdt_del_mem_rsv
80e1c340 T fdt_setprop
80e1c424 T fdt_delprop
80e1c488 T fdt_add_subnode_namelen
80e1c58c T fdt_add_subnode
80e1c5bc T fdt_del_node
80e1c630 T fdt_open_into
80e1c87c T fdt_strerror
80e1c8d4 T _fdt_node_end_offset
80e1c918 T cyg_crc16
80e1c960 T crc32_no_comp
80e1ca38 T crc32
80e1ca4c T crc32_wd
80e1ca50 T print_size
80e1cb80 T print_buffer
80e1cd30 T __div64_32
80e1ce00 t get_prop_check_min_len
80e1ce3c T fdtdec_get_int
80e1ce8c T fdtdec_get_valoffset_int
80e1cee4 T fdtdec_get_is_enabled
80e1cf20 T fdtdec_next_compatible
80e1cf30 T fdtdec_next_compatible_subnode_sta
80e1cfb8 T fdtdec_prepare_fdt
80e1cffc T fdtdec_check_fdt
80e1d00c T fdtdec_get_int_array
80e1d080 T fdtdec_get_bool
80e1d09c T fdtdec_get_config_int
80e1d0dc T fdtdec_get_config_string
80e1d118 T hang
80e1d134 t cmpkey
80e1d148 t _hdelete.isra.1
80e1d198 t drop_var_from_set.part.2
80e1d1e8 t match_string.isra.3
80e1d248 T hcreate_r
80e1d2f8 T hdestroy_r
80e1d370 T hmatch_r
80e1d410 T hsearch_r
80e1d8ec T hdelete_r
80e1d9c4 T hexport_r
80e1dcd4 T himport_r
80e1e020 T hwalk_r
80e1e078 T skip_spaces
80e1e0a0 T strim
80e1e100 t lmb_add_region
80e1e2a4 T lmb_init
80e1e2cc T lmb_add
80e1e2d0 T lmb_free
80e1e3d4 T lmb_reserve
80e1e3dc T lmb_overlaps_region
80e1e434 T __lmb_alloc_base
80e1e53c T lmb_alloc_base
80e1e570 T lmb_alloc
80e1e578 T __board_lmb_reserve
80e1e578 W board_lmb_reserve
80e1e57c t byteReverse
80e1e5b0 t MD5Transform
80e1efe0 t MD5Update
80e1f0c0 t MD5Final
80e1f18c T md5
80e1f1f4 T string_to_ip
80e1f268 T qsort
80e1f340 T strcmp_compar
80e1f34c T strcpy
80e1f364 T strncpy
80e1f388 T strcmp
80e1f3b4 T strncmp
80e1f3f4 T strchr
80e1f420 T strlen
80e1f440 T strnlen
80e1f46c T strdup
80e1f4ac T strspn
80e1f4e8 T strpbrk
80e1f524 T strtok
80e1f5ac T memset
80e1f608 T memcpy
80e1f674 T memmove
80e1f6bc T memcmp
80e1f6ec T strstr
80e1f758 T memchr
80e1f788 T udelay
80e1f7b8 T mdelay
80e1f7dc t put_dec_trunc
80e1f8c8 t put_dec
80e1fa14 t string.isra.0
80e1faa8 t number.isra.4
80e1fcf4 t vsnprintf_internal.isra.6
80e20308 T simple_strtoul
80e203c0 T strict_strtoul
80e20438 T simple_strtol
80e20460 T simple_strtoull
80e2053c T vsprintf
80e20540 T sprintf
80e20568 T panic
80e205ac T simple_itoa
80e20600 T ArpInit
80e20650 T arp_raw_request
80e20714 T ArpRequest
80e207b8 T ArpTimeoutCheck
80e2083c T ArpReceive
80e20a5c t BootpHandler
80e20dd4 T BootpRequest
80e20ff0 t BootpTimeout
80e21038 W cpu_eth_init
80e21038 t __def_eth_init
80e21040 t eth_current_changed
80e210a0 T eth_parse_enetaddr
80e210f4 T eth_getenv_enetaddr
80e21150 T eth_setenv_enetaddr
80e21184 T eth_getenv_enetaddr_by_index
80e211d4 T eth_get_dev_index
80e211f0 T eth_write_hwaddr
80e213b8 T eth_register
80e21434 T eth_initialize
80e215fc T eth_halt
80e2162c T eth_send
80e21664 T eth_rx
80e21688 T eth_try_another
80e2170c T eth_init
80e217ec T eth_set_current
80e21890 T eth_get_name
80e218b0 t startAgainTimeout
80e218c4 t dummy_handler
80e218c8 t net_clear_handlers
80e218fc T net_auto_load
80e21934 T NetStartAgain
80e21a88 T net_set_udp_handler
80e21aa8 T net_get_arp_handler
80e21ab8 T NetSetTimeout
80e21b08 T NetCksum
80e21b3c T NetCksumOk
80e21b60 T NetReceive
80e21e38 T NetEthHdrSize
80e21e78 T NetSetEther
80e21f20 T net_update_ether
80e21fa4 T net_set_ip_header
80e2202c T net_set_udp_header
80e220d4 T NetSendUDPPacket
80e221e0 T copy_filename
80e22224 t on_bootfile
80e22250 T ip_to_string
80e222a4 T string_to_VLAN
80e222fc T getenv_VLAN
80e2230c t NetInitLoop
80e223fc T net_init
80e22474 T NetLoop
80e22798 t ping_timeout
80e227b4 T ping_start
80e228e0 T ping_receive
80e229c8 t TftpSend
80e22b90 t TftpHandler
80e22f24 t TftpTimeout
80e22fac T TftpStart
80e232dc t _TEXT_BASE
80e232e0 T lowlevel_init
80e2330c T board_early_init_f
80e2331c T board_init
80e23334 T dram_init
80e23354 T board_eth_init
80e23364 t spl_memsize_parse
80e233e4 T flash_init
80e234b8 T write_buff
80e234f8 T spl_device_parse
80e23934 T get_mtdparts_by_partition_name
80e239b0 T get_mtdparts_by_partition_flash_offset
80e23a4c T read_logo_data
80e23b0c T read_dtb_data
80e23bcc T raise
80e23be8 T __udivsi3
80e23be8 t .udivsi3_skip_div0_test
80e23be8 t __aeabi_uidiv
80e23c90 t __aeabi_uidivmod
80e23cb0 T __divsi3
80e23cb0 t __aeabi_idiv
80e23cb8 t .divsi3_skip_div0_test
80e23d8c t __aeabi_idivmod
80e23dac T __lshrdi3
80e23dac t __aeabi_llsr
80e23dc8 T __ashldi3
80e23dc8 t __aeabi_llsl
80e23de4 t __aeabi_uldivmod
80e23e20 t __aeabi_idiv0
80e23e20 t __aeabi_ldiv0
80e23e30 T __gnu_ldivmod_helper
80e23e6c t __gnu_uldivmod_helper
80e23ea8 t __divdi3
80e24004 t __udivdi3
80e24188 r CSWTCH.28
80e241a8 r block_drvr
80e241b8 r boot_os
80e241d0 r compat_names
80e24284 r crc_table
80e24684 r env_flags_varaccess_mask
80e24694 r ext_csd_bits.7035
80e246a0 r ext_to_hostcaps.7036
80e246ac r fdt_errtable
80e246e0 r gpio_pin_dir_reg
80e246ec r gpio_pin_out_reg
80e246f8 r spi_buses
80e24700 r spi_flash_params_table
80e24f50 r stage_name
80e24f60 r uimage_arch
80e25068 r uimage_comp
80e250b0 r uimage_os
80e25110 r uimage_type
80e251e8 r widths.7037
80e251f4 r crc16_tab
80e254d8 r CSWTCH.62
80e254ee r __FUNCTION__.6398
80e254fe r __FUNCTION__.7377
80e25515 r __func__.6428
80e25524 r __func__.6566
80e2552e r __func__.6616
80e25536 r __func__.6629
80e25546 r __func__.6646
80e25551 r __func__.6658
80e25559 r __func__.6682
80e25563 r __func__.6796
80e25571 r __func__.6830
80e2557f r __func__.6873
80e25595 r __func__.6890
80e255aa r __func__.6900
80e255ba r __func__.6905
80e255c7 r __func__.7059
80e255d6 r __func__.7123
80e255f5 r __func__.7124
80e25604 r __func__.7137
80e2561e r __func__.7142
80e25631 r __func__.7150
80e25648 r __func__.7164
80e25662 r __func__.7233
80e2567c r __func__.7248
80e2568a r __func__.7346
80e25698 r __func__.7374
80e256a6 r __func__.7740
80e256bb r __func__.7748
80e256cd r __func__.7844
80e256de r __func__.7852
80e256f0 r __func__.7871
80e256ff r __func__.8201
80e25713 r __func__.8241
80e25721 r __func__.8487
80e2572a R _ctype
80e2582a R default_environment
80e25d0d r delims.6503
80e25d10 r digits.6507
80e25d20 r env_flags_varaccess_rep
80e25d25 r env_flags_vartype_rep
80e25d2c r erase_seq
80e25d30 r hex_asc
80e25d41 r names.6508
80e2e00c r tab_seq
80e2e015 V version_string
80e2e060 d L2_INFO_TABLE
80e2e080 d DEVICE_INFO_TABLE
80e2e108 D init_sequence
80e2e138 d bootm_help_text
80e2e4c4 d cmd_bootm_sub
80e2e5c0 d tabs.7235
80e2e5e1 d root.7152
80e2e5e3 d fdt_help_text
80e2ebc8 d dp_last_length
80e2ebcc d curr_device
80e2ebd0 d mtdparts_help_text
80e2f0a3 d env_help_text
80e2f294 d env_id
80e2f298 d cmd_env_sub
80e2f378 d av_
80e2f780 d sbrk_base
80e2f784 d trim_threshold
80e2f788 D env_htab
80e2f798 D load_addr
80e2f79c d hist_cur
80e2f7a0 D stdio_names
80e2f7ac D ak_gpio_sharepin_as_gpio
80e2ff5c d cur_dev_num
80e2ff60 d status_reg_list
80e30200 d status_reg_list
80e302b0 D ak39_serial0_device
80e302e0 D ak39_serial1_device
80e30310 D panel_info
80e3037c d fstypes
80e303ac d first_call.6685
80e303b0 D NetOurNativeVLAN
80e303b2 D NetBcastAddr
80e303b8 D NetOurVLAN
80e303bc d TftpTimeoutCountMax
80e303c0 D TftpRRQTimeoutCountMax
80e303c4 d TftpBlkSizeOption
80e303c8 d TftpTimeoutMSecs
80e303cc d TftpBlkSize
80e303dc D _u_boot_list_2_cmd_2_base
80e303dc d start.6396
80e303dc d start.6400
80e303dc d start.6445
80e303dc d start.6449
80e303dc d start.6476
80e303dc d start.6480
80e303f8 D _u_boot_list_2_cmd_2_bootm
80e30414 D _u_boot_list_2_cmd_2_bootp
80e30430 D _u_boot_list_2_cmd_2_chpart
80e3044c D _u_boot_list_2_cmd_2_cls
80e30468 D _u_boot_list_2_cmd_2_cmp
80e30484 D _u_boot_list_2_cmd_2_cp
80e304a0 D _u_boot_list_2_cmd_2_crc32
80e304bc D _u_boot_list_2_cmd_2_env
80e304d8 D _u_boot_list_2_cmd_2_fatinfo
80e304f4 D _u_boot_list_2_cmd_2_fatload
80e30510 D _u_boot_list_2_cmd_2_fatls
80e3052c D _u_boot_list_2_cmd_2_fdt
80e30548 D _u_boot_list_2_cmd_2_format
80e30564 D _u_boot_list_2_cmd_2_go
80e30580 D _u_boot_list_2_cmd_2_help
80e3059c D _u_boot_list_2_cmd_2_loadb
80e305b8 D _u_boot_list_2_cmd_2_loadx
80e305d4 D _u_boot_list_2_cmd_2_loady
80e305f0 D _u_boot_list_2_cmd_2_loop
80e3060c D _u_boot_list_2_cmd_2_md
80e30628 D _u_boot_list_2_cmd_2_mm
80e30644 D _u_boot_list_2_cmd_2_mmc
80e30660 D _u_boot_list_2_cmd_2_mmcinfo
80e3067c D _u_boot_list_2_cmd_2_mtdparts
80e30698 D _u_boot_list_2_cmd_2_mw
80e306b4 D _u_boot_list_2_cmd_2_nm
80e306d0 D _u_boot_list_2_cmd_2_ping
80e306ec D _u_boot_list_2_cmd_2_printenv
80e30708 D _u_boot_list_2_cmd_2_question_mark
80e30724 D _u_boot_list_2_cmd_2_reset
80e30740 D _u_boot_list_2_cmd_2_run
80e3075c D _u_boot_list_2_cmd_2_saveenv
80e30778 D _u_boot_list_2_cmd_2_sd_upgrade
80e30794 D _u_boot_list_2_cmd_2_setenv
80e307b0 D _u_boot_list_2_cmd_2_sf
80e307cc D _u_boot_list_2_cmd_2_tftpboot
80e307e8 D _u_boot_list_2_cmd_2_uuid_check
80e30804 D _u_boot_list_2_cmd_2_version
80e30820 D _u_boot_list_2_env_clbk_2_baudrate
80e30820 d end.6403
80e30820 d end.6452
80e30820 d end.6483
80e30820 d start.6539
80e30820 d start.6546
80e30828 D _u_boot_list_2_env_clbk_2_bootfile
80e30830 D _u_boot_list_2_env_clbk_2_callbacks
80e30838 D _u_boot_list_2_env_clbk_2_console
80e30840 D _u_boot_list_2_env_clbk_2_flags
80e30848 D _u_boot_list_2_env_clbk_2_loadaddr
80e30850 B __bss_base
80e30850 B __bss_start
80e30850 D __image_copy_end
80e30850 D __rel_dyn_start
80e30850 b s_L2_DMA
80e30850 d end.6542
80e30a50 b IRQ_HANDLER
80e30b50 B part_num
80e30b54 B monitor_flash_len
80e30b58 b params
80e30b5c B images
80e30c8c b data.7126
80e3108c B working_fdt
80e31090 b send_parms
80e310a4 b os_data_addr_saved
80e310a8 b his_pad_char
80e310a9 b a_b
80e310c4 b os_data_char
80e310c8 b os_data_state
80e310cc b k_data_escape
80e310d0 b os_data_state_saved
80e310d4 b os_data_addr
80e310d8 b send_ptr
80e310dc b his_pad_count
80e310e0 b bin_start_address
80e310e4 b his_quote
80e310e8 b os_data_init
80e310ec b his_eol
80e310f0 b k_data_escape_saved
80e310f4 b dp_last_addr
80e310f8 b base_address
80e310fc b mm_last_size
80e31100 b mm_last_addr
80e31104 b dp_last_size
80e31108 b last_ids
80e31188 B current_mtd_dev
80e3118c b last_partition
80e3119c b last_parts
80e3139c B current_mtd_partnum
80e313a0 b mtdids
80e313a8 b devices
80e313b0 b initialized.7339
80e313b4 b upgrade_type
80e313b8 b flash
80e313bc b tmp_buf
80e315bc b tmp_buf.6466
80e317bc b ctrlc_was_pressed
80e317c0 b ctrlc_disabled
80e317c4 b max_total_mem
80e317c8 B mem_malloc_brk
80e317cc b max_sbrked_mem
80e317d0 b current_mallinfo
80e317f8 B mem_malloc_end
80e317fc b top_pad
80e31800 B mem_malloc_start
80e31804 B env_flash
80e31808 b console_col
80e3180c b lcd_base
80e31810 b console_row
80e31814 b lcd_console_address
80e31818 b lcd_color_fg
80e3181c B lcd_line_length
80e31820 b lcd_color_bg
80e31824 B lcd_is_enabled
80e31825 b lcd_flush_dcache
80e31828 b hist_list
80e31878 b hist_lines
80e3408c b hist_max
80e34090 b hist_add_idx
80e34094 b lastcommand.7240
80e34294 b initted.7375
80e34298 b hist_num
80e3429c B console_buffer
80e344a0 b devs
80e344dc B stdio_devices
80e344e8 b xyz
80e3491c b mmc_devices
80e34928 b sdhsmmc_dev
80e34d78 B g_power_on_pin
80e34d7c b sdhsmmc_dev_data
80e34dac B mtd_table
80e34e2c b flash_QE_flag
80e34e30 B sflash_mtd
80e34ee0 B RingbufVa
80e34ee8 b l2_uartbuffer_offset
80e34eec b serial_devices
80e34ef0 b serial_current
80e34ef4 B fb_dev
80e34f00 B do_fat_read_at_block
80e36208 R __rel_dyn_end
80e36208 R _end
80e44f00 B get_dentfromdir_block
80e54f00 b cur_part_info
80e54f80 B get_contents_vfatname_block
80e64f80 b cur_dev
80e64f84 b fs_partition
80e64fd4 b fs_type
80e64fd8 b fs_dev_desc
80e64fdc B errno
80e64fe0 B ___strtok
80e64fe4 b local.6686
80e64ffc B NetArpWaitPacketIP
80e65000 B NetArpWaitTimerStart
80e65004 b NetArpWaitReplyIP
80e65008 B NetArpWaitTxPacketSize
80e6500c B NetArpWaitTry
80e65010 b NetArpTxPacket
80e65014 b NetArpPacketBuf
80e65654 B NetArpWaitPacketMAC
80e65658 B BootpTry
80e6565c B BootpID
80e65660 b first_failed.7075
80e65664 b index.7028
80e65668 B eth_current
80e6566c b env_changed_id.7081
80e65670 b act.7080
80e65674 b eth_devices
80e65678 B NetOurEther
80e65680 B NetServerIP
80e65684 b NetRestarted
80e65688 B net_state
80e6568c B NetRxPackets
80e66dfc B NetBootFileSize
80e66dfe B NetEtherNullAddr
80e66e04 B NetRxPacket
80e66e08 b udp_packet_handler
80e66e0c b NetDevExists
80e66e10 b timeStart
80e66e14 b timeHandler
80e66e18 b NetTryCount
80e66e1c b env_changed_id.6674
80e66e20 B NetOurDNSIP
80e66e24 B NetOurSubnetMask
80e66e28 B NetTxPacket
80e66e2c B NetBootFileXferSize
80e66e30 B NetOurIP
80e66e34 B NetOurHostName
80e66e54 B NetOurNISDomain
80e66e74 B NetIPID
80e66e78 B NetOurGatewayIP
80e66e7c b arp_packet_handler
80e66e80 b timeDelta
80e66e84 B NetRestartWrap
80e66e88 B NetRxPacketLen
80e66e8c B BootFile
80e66f0c B NetServerEther
80e66f12 b PktBuf
81099d52 B NetOurRootPath
81099d94 B NetPingIP
81099d98 b PingSeqNo
81099d9c b time_start
81099da0 b TftpTimeoutCount
81099da4 b TftpBlockWrap
81099da8 b TftpBlock
81099dac b TftpOurPort
81099db0 b TftpRemoteIP
81099db4 b TftpState
81099db8 b TftpRemotePort
81099dbc b default_filename
81099dc9 b tftp_filename
81099e4c b TftpBlockWrapOffset
81099e50 b TftpLastBlock
81099e54 B spl_mtdparts
81099ea4 B flash_info
810a3ed0 B __bss_end
810a3ed0 B __bss_limit
